Grippos
Cerebos
Cuvee Coffee
Javi's
Papa Carroll's
No.5
Bake Crafters
Good Seed
Whitewave Foods
Wakefern Food Corp
Ramune
Pa's Foods Inc
Pretty Unique Cheese
Searay Foods
Cherry Valley
Isopower
Tao Organics
Sano
Treasure Valley
Gless Ranch
Qwackers
Food by Filk
Gio Dutch
Baobest
Homei
Auntie Rie's
Choctal
Giant World Menu
True Lemon Fruit Orchard
Body First
Farr West Outfitters
Las Brazas Caseras
Gardip
Sno Qualmie
Bionic Laboratories
Three Sister's Snack
Orzo
Britt's Pickles
Natural Traditions
Damora
Alter Ego
Giovanna Congelados
Bothwell
You Fresh Naturals
Big Hunk
Palmer Candies
Jerky's Gourmet
Incredible Foods
Jones'ys
Nubreed Undisputed
Lancaster Canning Company
Peanut Delight
Dinosaurs
Kerns
Mitts
Lassonde
Rubicon
Vitamina 12
Oberlander
Go Cocktails
Billy D's
Tanka Bites
Albuquerque
Fred Imus
Senor Allens
AST Sport Science
AyurBest
Herb-All
LipiSorb
T Bar
Danielle
Snackle Mouth
Woodstock
Green Valley Organics
Wallababy
Asian Meals
Dragonfly
Minute Miso
Amish Kitchens
Italpasta
Ravarino & Freschi
Meica
Wenner
Double Decker
VitaMuffin
Grandma Gibble's
Masuya
LaTonita
Peanut Crunch
Wise Choices
Chalet Suzanne
Union Foods
Classic
Lakeland
Fresh Bread
Plantains
Laura's Lefse
Luzoma
Battaglini
Aloha Maid Natural
Old Orchard Premium
Love Hearts
D'annunzio's
Land O Lakesr Dairy Easetm
Nassau Candy
Knudsen 100 Calorie
DragoneR
Napolitanke
Lipton Sparkling
Superior Nut
Gerber Graduates Yogurt Melts
Meadow Gold Haleakala Dairy
Naked All Natural Juice
A 1
Pacific Breeze
Ccf Brands
Ssips Aseptic
Spice & Seasoning
Kraft Salad Dressing
Slow & Low Rubs
Canels La Vaquita
Kraft Mayo
Big Bob Gibson
New York Flatbreads
Swiss American Inc
Japanfood
Good O
Barbados Crop Over
Hawaii Popcorn Company
Frontier Natural
Lance Freshness
America's Original
Donut House
Maxwell House International Cafe
Country Bob's
Pyromania
Umpqua
Perfect Foods Bar
Entenmann's Ultimate
Granola Gourmet
Iron Girl
Williams West
Goodmans
Rachael Ray Stock-in-a-box
Dutch Ann
Original Soupman
Lena's
Popz
Erins
Perfectly Healthy
Eddie's
Macabee Kosher Foods
Pelle
Uno
Farm Rich
Philly's Finest Soft Pretzels Inc.
Clover Organic Farms
Pete's
Arora Creations
Fudge in my Life
Godiva Chocolatier
Hawaiian Sun
Grace
Kisko
Kozy Shack
Kozlowski Farms
Marble Mix'ins
Rose & Ivy
Siljans
Santa Fe
Sun Kids USA
Yoo-Hoo
The Kings Cupboard
21st Century HealthCare
CarbWise
Doctor's
Labrada Nutrition
Pounds Off
Smart For Life
Trimspa
Wish-Bone
Bear Creek Country Kitchens
Beyond Classics
Braswells
Blanchard & Blanchard
Cardinis
Caroline's
Chef Dean Fearing
Cookwell & Company
Concord Foods
Cook's
Duke's
Farmer Boy Restaurant
ET TU
Girards
Harriet's Original
Hellmann's
Golding Farms Foods
Hendricksons
Island Grove
Jimmy's
J & Ds
Lavender Hill
Maggiano's
Maple Grove Farms of Vermont
Maries
Matsos
Monari Federzoni
Mullen's
Neilly's Ultimate Seasonings
Nakano
Naturally Fresh
Orr Brothers
Oscar Mayer
Rao's
River Bank
Sal & Judy's
Sunflower Food & Spice Company
Teresa's
Tiger Tiger
Traverso
Up Country Organics of Vermont
Wild Thymes
Acme
4C
Canterbury Cuisine
Equal
Pre
Propel
Sturm's Village Farm
Quaker
Totally Light
Blue Crab Bay Co.
Casbah
Bimbo
Chef Shaikh's
Family
Hikari
J1
Kurano Kaori
Maine Coast Sea Vegetables
Pataks
Shimaya
Sun Voi
Tasty Bite
Alexian
A Dutch Masterpiece
Alpine Lakes
Alpine Meats
Apple Smoked Cheese
Tri-State Baking Co
Nashoba Brook Bakery
Tortilleria La Camperia
Cabor
Choklad Ljus
Gardencut
Viobin
Mamachari Kombucha
Dae Won Food
Tortolines
Myopro
Go! Smart
The Virgin Diet
Texas Quail Farms
Fresh Thyme Farmers Market
C20
Bryne Dairy
Starbucks Refreshers
Cheez It
Simply Gum
Thelma's
The American Panini
Supreme Whey
Jel Sert
El Pibe
Tortilleria Cadengo
Takis Fuego
Caledonia Spirits
The Schwan Food Company
Arher Farms
Bowflex Body
Asian Kitchen To Go
H-E-B Texas Originals
The World's Largest Raisins
Raw Organic Whey
Hot Chix
Mederi Gyrdan Grains
Sutter's Egg Farm
Mamavicky's Food
Pretzel Chips
Teecino
GrindRx
Papa Cristo's
Moosetard
Severino
Marion's Kitchen
Tong Garden
Morning Sunrise
Daiei Trading
Bakelse Prinsess
Josephs
Kentucky Legend
Krinos
Klement's
Le Fromage De Marcotte
Lifetime
Litehouse
Louis Rich
Lupo's
Mailhot's Best
Mahon
Meza
Millers Cheese
Meredith Dairy
Millers Bar-B-Que
Nature's Peak
New York Style Sausage
Morning Glory
Mun-Chee
Oasis
Old Dutch Master
Peapod
Patriots Gridiron Grillers
Parrano
Plumrose
Precious
Pure Farms
Reser's
Resers
Red Dragon
Rouge et Noir
Roth Kase
Rosenborg
Rusticone
Sandridge Food Corporation
Sara Lee
Sausages by Amylu
Shofar
Shepherds
Seltzer's
Senor Felix's
Sisters Salsa
Sugardale
Strauss
Summersweet Fine Foods
Tillamook
Tirat Zvi
Treasure Cave
Usinger's
TSD
Coco Life
Smartcandy
Kobe
Lecours
Jana Worldwide
Minons
Gandy Farm
La Esencia MX
Brooklyn Gourmet
The Simple Soyman
Tortilleria Santa Cruz
Kona Krunch
Nortenita
Peppers of Key West
Country Store Brand
Corazona's Heart Bar
Baron Chocolatier
Solay Superfood
Palirria
4Life
Pizza Plaza
Punaluu
Gary Null
Bogopa Fresh
Pepparkaka Mandel
Dryck Rabarber
Golden Girl GRanola
Sun World
Rescue Chocolate
Lotus Brand
Mo Ono
Balance Bites
Dark Dog
Pure Clean Powder
Popeye Superfood
International Exhibition
Car Nut
Hickory Hill Milk
Double Check Provisions Co
Deli Choix
Chestlehurst Farms
Level Ground Trading
Oeuf
Chateau Bakery
Que Huong
Cherries Cafe
Floating Lettuce
Friesing
Lawrence
Reisman's
Cougar Mountain
Country Choice
Cuetara
Dairy State Foods
Divine Meringues
Desserts On Us
Dick & Jane
EnerG
Carefree
ShopRite
Good Food
Sisters Gourmet
Franz
Nature's Own
Silver Hills
The Essential Baking Company
Mahalo
PEZ
Dorset Cereals
Seitenbacher
Dean Jacob's
Ethnic Cottage
Trinidad
Nature's Best
Elledi
Fox's
General Henry
Gullon
Homefree
Heinemann's Bakeries
Hello Panda
Irene's
Jo-Sef
Jimmy's Cookies
Jammie Dodgers
La Moderna
Kola's March
Lil' Dutch Maid
Lees' of Scotland
LU
Marin Brand
McVitie's
Nabisco
National Military Family Association
Newman's Own Organics
Nutter Butter
Osem
Payaso
Parmalat
Piet Verduijn Bakery
Homebrand
J&J Kosher Dairy
Mousse
Pirro's
Kroger Carbmaster
Malony Harusame
Gramma Pearl's
Lewiston's
HealthSmart
Jack Grilled
Lil Dutch Maid
Chocolate the Boss
Hassoon Bakery
Les Sucreries Jette enr
Campbell's V8
La Aurora
Little Rae's Bakery
Nohmad Snack Co.
TR Pharm
Kawartha Dairy
Lipari Old Tyme
CarbOlicious
Chistopher Elbow
Native Tortillas
BC Original
Liuzzi Angeloni
New Orleans' Own
NonnAnnunziata
YummyHealth
Frooze Balls
Ya Mamma's
Meatball Bistro
Cadwell Fresh Foods
Deltropico
Puffers
Phillips'
Mohamed's
Optimal Health Systems
Oscar Meyer Delifresh
Blu Choice
PanaPesca
4505
W.H. Braum
Great Northern Popcorn
Kapai-Puku
Hua Mei
Performance Sports Nutrition
Pici
Big Event
Miche Boule
Honey
Motts
Kiva Sun
Bolero
Reggano
Mrs. Pure's
Be Well
Gabby's Choice
McCormick Gourmet
Pina
Toast'em
Better'n
Savannah Classics
Magic
Trailblazer
Sarah N' Dippity
Logan's
Upton's Naturals
Color Coolerz!
Mix
The Original Soupman
La Mexicana Grocery
Lucca Grocery
Southern Tsunami Grocery
Ivar's Grocery
Casey's General Store Grocery
Casa Sanchez Grocery
Maggiano's Little Italy Grocery
David Burke Grocery
Sneaky Pete's Grocery
Kerbey Lane Cafe Grocery
Montgomery Inn Grocery
Crave Grocery
Pizzazz Grocery
California Tortilla Grocery
Panera Bread Grocery
Lunch Buddies Grocery
Harris Teeter Organics Grocery
Jose Andres Grocery
Oregon's Wild Harvest Grocery
Nordic Naturals Grocery
Chips Grocery
Hershey's Kisses Grocery
Guapo Grocery
Cloister Honey Grocery
SamMills Grocery
Weeks Honey Farm Grocery
Cross Creek Farm Grocery
Bee Well Grocery
All Natural Farm House Grocery
Samantha
Gibbs
Patak's
R.M. Quigg's
Beech Nut
Shari Candies
Sierra Club
Sour Patch
Swedish Fish
Teenee Beanee
Twix
Switzer's
Werthers
Zachary
Delights
Arroyabe
BenZ's
Cole's Sardines
Culinary Reserve
Coles Trout
John West
Marcia Rosa
Giovanni's
Neptuna
North Coast Seafood
Rubinstein's
Rugen Fisch
Rokeach
Square
Wild Planet
Yankee Clipper
Miramonte
Better Oats
Breadshop
Bran Flakes
Chappaqua Crunch
Cocoa Pebbles
Crunchy Nut
Eat Natural
Elements
Everyones Organics
Flahavan's
Frosted Flakes
Fiber Plus
Fruit & Fibre
Grainfield's
Honey Bar
Jungle Grub
Kretschmer
Lake Side
Noam Gourmet
Wonder Bread
Famiglia Pasque
Kahe
Ampora Foods
Jump's
Vita Rain Zero
Egg-Lands Organic
Mom's Meals Nourish Care
Buzzn Bee Farm
Liquid Ninja
MIO Sports Nutrition
Madras Lentils
Delicias de Michoacan
Hager Pharma
Omegaflo
Krogger
Nutraplex
Organic Certifiers
Mrs. Annie's
Senor Pepe's
Michael's Best
Biaswell's
Royal Quinoa
Bistan Bakery
Sweety Ice Cream
Leila Bay Trading Co.
Palmetto Farm
Dragon Chuka Soba
Vineyard Market
Petaluma Creamery
Cow & Mill
Fiber Well
KLN`
Iowa Fresh
Mother's Kitchen
Tribe Swirl
Alkame Water
Protein Up
Fitlife Foods
L.A. Creamery
Pitmasters Barbecue
Nutrimeal
River Fresh
Thatcher's San Francisco
The Salsa Works
Tropik Splash
Elixir MRE
Fruit Fizzers
Idaho Pacific
Asti
Nabisco Go-Paks
MountainKing
Queso de Casa
Chef's Express
Bavarian Garden
Tasti-Lee
Culinaria
Heartland Creamery
Le Superbe
Cypriot
FruitFast
Messana
Northern Catch
All American
Diet 7-Up
Delitia
Upper Crust Bakery
Galvanina
Danger Zone
Urban Bruce
Rana
Deutsche Küche
Bai5
Pure Health
Sweet Additions
Gummies
Nutrisystem
Fit Crunch
Seashell Brownies
PowerCrunch
Almond Brothers
Chocuer
Aussie Bites
Harris Teeter Farmers Market
Live Gfree
Absolut
Jay Street Coffee
Little Salad Bar
Port Side
Divine Organics
Coastal Bay Confections
Provel
Revive
So Good
Solar
Anne's Kombucha
Cobblestone Foods
Wallababy Organic
Amazake Rice Shake
Q Grapefruit
BluePrint
Uncle Matt's
Bitchin'
Fever-Tree
Hooper's
El Nopalito
Naturalissima
Hew Hope Provisions
Angelo & Franco
Roseland
Sierra Nevada Cheese Company
Heidi Ho
Bremer
ARZ
Shepherds Of Cyprus
Annabella
Classic Kitchen
Saval Kosher
That's It
Nearby Eggs
Sweetmeadow Farm
Asturi
Menz
Bell Plantation
Cave Man
Sandwich Bros. of Wisconsin
Italia In Tavola
Agave Sweet
Smari
Java Delight
Kathleen's
Dr. Snack
The Chia Co.
Leinenkugel's
Sun West
Angelic Bakehouse
IHA
Kam Wah
Ember Farms
Freddie Lee's
Evol.
Dr. Clark's Center for Weight Loss Success
Organic Garden
Chef Debora Scott's Culinary Creations
Comeda Del Sol
Premium Choice
Wholesome Garden
Purely Frozen
LaTortilla Factory
Panni
Nela
PAN
Rumford
Rubicon Bakery
Solo
Sugar in the Raw
Sun Crystals
Sunflower
Traverse Bay Fruit Co.
Wheat Montana Farms & Bakery
W
Ty-Ling
Tropical Source
Zsweet
Alo
Coffee House USA
Dr Andrew Weil for Tea
Havana
Honest Mate
Jet
Nantucket Squeezed Nectars
Numi
Pappys
Red Diamond Tea
The Republic of Tea
UCC
Amazon
AMA Zon Water
AMA Zon
Bot
Crystal Geyser
Efferve
Family Express
Hi Ball
Jerac
Le Nature's
My Essentials
Neuro Passion
Poland Spring
Real Water
Reebok
Uve
Wat-aah
Abruzzino's
As You Like It
Atie's Bakery
Albatros
Barkat
Bohemian Hearth
Butter Krust
Buona Fortuna
City Bread
Colombo
Dimpflmeier
Europa Baking Company
Four Sisters And A Brother
Franco
Gold Medal Bakery
Good Hearth
Healthy Home
Hartford Farms
Hollywood Mkts.
Johnston's Bakery
Kasanof's
HomePride
IronKids
King's Hawaiian
Klosterman's
Kleen-Maid
Lewis
Maier's
Mrs Baird's
MiCasa
Papa Pita
Premiere Moisson
Perfection Bakeries
Sadie Rose Baking Co.
Seattle Baking Company
Seattle International
Sumanos Bakery
Seattle
Terranetti's Italian Bakery
Ultimate Grains
Wholesome Harvest
County Market
American Licorice
Alter Eco Fair Trade
Almond Roca
Asher's
Berkshire Bark
Baci
Buddy Bears
Candy Tree
Care Bears
Carmit
Charlotte's Confections
Chewbies
Chocolove
Chuao Chocolatier
Dong Huong
Bacchus-D
Divine Health
Body Form
Cococut Dream
Chef Maxwell
MasterFoods
Cream Top Rich
Stachoski
River Trail
Aleppo
Cool Runnings
Clif Organic
Shine Organics
Sunshine Cheez-It
Aquaman Classic
Nabisco Chips Ahoyt!
El Paco
Truck 43 Stop
Garden Freshness
Usinger's Beef
Sainsbury's Organic
Rokeby Farms
Harold Wood's
Squirrel Valley
Gourmet Jerky
Hazana
Johnboy & Billy
Crokan
Ice Cream Cake Land
U-Be-Livin-Smart
Two Fold
Red Tractor Foods
Abba-Zaba
Fraser Farm
Frava
Fatworks
Physician Nutrients
Huy Ky Bakery
Topz Bake Shopz
Alecia's
Tip-Top
Royal World
Chip'n Dipped
Rockstart
Miss Lilly's
Heartland Meadow
Hayter's Farm
Big Oak Gift Shop
Unicorn Polish Bakery
Pelonetes
Blueberry Hill
Dots
Holiday Treats
LesserEvil
PeA Schokolade
Snack Factory
Aloha Gourmet
Broadway
Disney Pixar
Gold Lite
Harmony Snacks
Hershey's
Krowki
Kong
King Leo
RedVines
Punch
Vale D'ouro
TapouT Sports Nutrition
Toll House
Mothers
Hanover
MLO Natural
Kontos
Ragu
Sinister
El Burrito
Bravos
Similac 2
Bounty
Dorina
1832 Sapori Siena
Daniele
Norpaco
Spence & Co.
KETO
Ready Set Cupcake
Original Rangoon
Mister Chopstick Express
Arginaid
Renalcal
Vivonex
Tolerex
Dymatize Nutrition
Brain Candy
Extreme Energy
IDS
Pure Power
Spike
Woolworths
It's Greek To Me
Konsyl
West End Cuisine
Golden Grill Russett
Just Strawberries
Cape Covelle
Fit & Fruity
Kreher
Perricone Farms
Fieldstone Bakery
Joos Elixir
Orange Creations
La Chocolat
Delissio
Rovira
Pro Biotix
Skinny Gut
Natural Harvest Food
Home Style Select
Medical Weight Loss Clinic
Rise
Combat
La Boulange
NuGo Free
Granny Blossom's
Babeth's Feast
Elmhurst Dairy
Red Barn Family Farms
Mama Lisa's
Funnyuns
Sai Fun
El Sombrero
Pro-NOS
Vegan Pockets
Schwartz Brothers Bakery
Tosi
Westby
Pom Wonderful
Pro-NRG
Scarlotta
BioX
Growing Naturals
Finger Food Products Inc.
Superior Cake Products
Tru Ade
Eating Right for High Protein
Ziggys
Tastybird
Winder Farms
Pizzeria Style
Larry The Cable Guy Git-R-Done Grub
Trade Routes A Traditional Bakery
Bona Dea
Chico's Pico
Ye Olde Pepper Companie
Axe Naturals
Double  K Popcorn
Wholesome!
Cali Natural
SU Super Pharm
Hexx
Parisa's
Best Harvest
azul pure
Beirut Bakery
Cinna Balance
Chewys
Gloria's Pastries
Bill's Country Recipe
Swiss in Biskit
Carolina Cupboard
Otis Poultry Farm
Harmonized Protein
Currant C
Velvet Bees
Valterra
Deccolio
Challenger Nutrition
H-E-B Dr. B
Hawaiian Milk Tradition
Colteryahn Dairy
Healthy Aloe
Sammz Oats
Stanberry Community Farms
Kitchen Ketlle Village
Dr Black's
Arnaud's Sauce
Forno Bonomi
Deathwish
Kid Drinx
Bell's Farm
Delavignes
Crab Delights
NLPita
Emge
Amazing Tasting
Los Osos Ranch
Shemshad
Patriot Pantry
Trident Seafoods
Mrs. Kinser's
Alpen
Lord Nut Levington
Kernel Season's
Nature's Path Organic
Nature Valley
La Tonita
Tcs
StellaR
Libby's Fruits
Alba
Late July Organic
Tue Kung
Generic
Chapa's
Krema
Matt & Dana
Honest Zero
Sun Brand
D.l. Jardine's
Purely American
Lou Ana
Endorphin Rush
Jb Sanfilippo & Son
Chef Cesar's
Mr. Yoshida's
Green Pearls
Estrella Food Products Inc.
Black Pearls
Southern Homestyle
Krunchers!
Lay's
Naturally More
Inspired Cuisine
Supro
World Classics
Mary's Pinata House
Al Fresco
Patsy's
Vienna
Jones Dairy Farm
Hydrive Energy
Core Power
Rumba
Harrell Nut Company
Proud D Foods
Hartleys
Rinaldo's Organic
Ideal
Stew Leonard's
Alaska Grains Baking Company
United Dairy Farmers
American Club
Blimpie Grocery
El Cortijo
Fast Fuel
Crunch O's
Bariatrics of Alabama
Wellessence MD
Dimmers
Henry's Humdingers
Big Value
Deli Delight
Pure Michigan
Easy Eggs
Phu-Huong
NFE
Smoke E Bones
Bella Fina
Muscleology
Super Mom's
About Time
York Street Market
Gourmet Family
Carmella's
Claudia's Kitchen
Atlanta Fresh
Natural Garden
Izze Esque
Koch's Turkey
Changing Seas
Organic Traditions
Woats
Nature's Wisdom Wellness Center
ACTII
Cool Brew Original
Wabash Valley Farms
Ocean Cafe
Nut 'N Better
Metabolic Research Center
Double S Foods
Cher Bruce Aidells
Tahoe Trail Bar
Organic Mamma Chia
Tender Crust
Surge
Dalla Terra
Export Sodas
BeneFIT Bars
Hi Ball Energy
Nawgan
My Body Shots
PowerIce
Rush
Upshot
Vegas Fuel
Wired X
Vital 4U
Yost Brands Inc.
Artisana
Pillan Organics
Stash
Earths Bounty
Atlas
My Bubby's
Pro-Tene
SugarFree
Un Mondo
Buenatural
Herdez
La Guacamaya
Malta Goya
Pica Pica
Veracruz Chili & Spices
4 Ever Fit
A to Z Naturals
Applied Nutriceuticals
Bernard Jensen's
Coco Fit
Fibre
High Octane
GU
HDT
iForce Nutrition
Juven
Luna Sport
NuTrends
PacificHealth
PowerButter
Pulse
Reds Today
Symbiotics
Worldwide Sport Nutrition
Gladstone's
Jimbo's Jumbos
Sprouted Almonds
Eugenio Brezzi
Winona Pure
China Bowl Select
Solena
The Smokehouse Market
Gosling Diet
Salazon Chocolate Co.
Level-1
Rickland Farms
Woot Froot
Earth Exotics
Washburn's
Delicious Essentials
Aspen Mills
Benton's Everyday
TCC
Kiggins
Southern Recipe
Chef Solutions
Dairymen's
Mickey & The Gang
1883 Philibert Routin
Roche Bros.
alimentias
Dynamite Nutrition
Aria
Bakers Candies
Gurrnaid
Great Day Farmers Market
The Great Canadian Meat Company
Country Archer
Gi Gi
PMD
Colteryahn
Pacific Cod
Youtheory
Macbubl
Packing House Blends
Bhang
Coco Motion
Jack Links Classics
Great Grains Bakery
Muirhead
Publix Deli
Wicked Apple Brew
Quebon
Cage Free
Egg Whites International
Signature Deli
Sensations
Beirut
Amazonas
Buiddha's Brew
TamboBamba
The Perfect Puree of Napa Valley
Anas
Pacific Salt
Bioitalia
One.9
Dakota Style
Diamond Crystal
Margaret Holmes Peanut Patch
Salada
Anteadote
Nu-salt
Halutza
Real Salt
Blue Ribbon Golden
Origen Chilean Gourmet
Oliverio
Del Primo
Sea Seasonings
Organic & Pure
Superior Farms
Barry's Tea
Tops Jamaican
Original
Furmano's
Zapata
Hauke Honey
Mrs Leeper's
Moss
Sweet Sue
Roxy
Great River Organic Milling
Yogavive
Lets Do Organics
Kar's
Fiordifrutta
Gem
Manasul
Exquisita
Bernard's Brand
Last Minute Gourmet
The Original Celebrity Juice Diet
Java Monster
Emerald Valley Kitchen
Eight Ball
PR Powder
Potstickers by Amy
Fearn
King Syrup
SunFresh
Sewart's
The Fit Station
Mickey's Really Swell Diner
Her Whey
Bounce
Fifth Generation
Island Princess
Lancia
Phenylade MTE
Just Tomatoes, Etc!
Guernsey
Nature's Garden
Gadova
MacLaren's Imperial
Rolling Rock
Sau Tao
JS
Austin Slow Burn
Beast
Fudge Everything!
Midnight Pure
Gaslamp Popcorn Co
Maximized Living
Three Farmers
Brad's Naturals
TruDerma
Thore Research
Bosco Sticks
Dufour Pastry Kitchens
Teva
Stony Fork Farms
Mia Cucina
The Smart Gourmet Snack Co.
Fiber Scrumptious
Flax for Nutrition
Elemental
San Saba
Integrated Supplements
Little Bread Hen
FNX
In Harvest
Crazy Cuisine
Pleasant Acres
Block & Barrel
Wes Foods
High Lawn Farm
Tyrrell's
Progressive
Sweetwater Creek Honey Farm
Cocoa Metro
York St. Market
Nestle Hot Pockets
BuzzBar
Han Kuk Mi
Chinook Seedery
Healthforce Superfoods
Cormier's Gold
Russ's Market
Sherpa Chai
Gatorade G Series
Pake-Taxo
Just Hemp Foods
Icee Zero
Talbott Farms
100% Mexicano
Cafes
Sunset Salsa
Mountain Fresh Candies
Consulate
Shop Rite Kitchen
Nutrorious
La Cosentina
Scarlotta Seedless
Coffee Joy
Daily Harvest
Onquina
Nemo's
Firmin Bouvard
Kikka
Better Way
Simply Fresh Snacks
Little Green Cyclo
Friske Orchards
Ubervita X500
Vande Walle's
Ag Standard
Garcia's Kitchen
Bingo!
Demetri's
Adrien Gagnon
Republic Spirit Blends
Milk Wise
Alive & Healing
Gold Harbor
Kim's Gourmet
Keurig Hot
Norcia Bakery
Veggie Drizzle
Wegman's Italian Classics
Whisps
Ecco Bella
Karys
Owl's Nest
Frookie
Michael Angelos
PotatoFinger
Hormel Chili
Vit Pret
Ile De France
Dinty Moore Meals
Saint Agur
Coeur De Lion
All-Bran
Complete
Dr. Seuss' The Cat in the Hat
Tiger Power
Shoppers Valu
Bigg's
Arctic Shores
Saucy Susan
Baby Basics
Rogue Creamery
Farm Flavor
Shop Right
Shop Rite
John Taylor's
Mrs Renfros
Cool Classics
May
Mr. Pure
Next Juice
Natural High
Prigat
Rip & Sip
Sence
Suavva
Tampico
Tarczyn
True Blue
Vintage
Chevra
Free
Jerusalem Matzos
Granny's
Glicks Finest
Pyramid
Wissotzky Tea
Baja Bob's
Dr. Swami & Bone Daddy's
Jerry's
Master of Mixes
Herradura
Scales Cocktails
Cariani
Divine Bovine
Golden Valley
Holy Cow Kosher
Gary West
Mr. Z
Remington
Summit Snacks
Tanka Bar
Wisconsin Sausage
Wisconsin Sausage Co.
Brother's
Charras
Chaparritas
Chata
Don Pablo's Grocery
Embasa
Enrico's
EmZee
Galletas La Moderna
Gringo Pete's
Juver
La Cocina de Tortilla
Lapina
Loco Sombrero
Mazapan
MP
Red Cactus
Rogelio Bueno
Pelonazo
Sangria Senorial
Sazon Goya
Teasdale
Senor Suarez
Tommy's
Vizcaya
Comfort Bar
Gnu Foods
Kind
Organic Food Bar
Aurora Natural
Schweppes
Hilton's
Classico
Mama Francesca
Accent
Cerulean Seas
Bread Stop
Lilly B's
Fresh Daily Incorporated
Nanak
Dewey's
My Little Chickpea
Astig
FitLife
Borden Plus
Sea Bakin'
NuMeat
Honey Drop
Sweet P's Bake Shop
Bio Chem
Rougemont
Southland's Finest
Kennesaw
Momma B's
Mexico Natural
White Mill
Twin Lab
Brittle-Brittle
Full Circle Organic
H-E-B BakeShop
Quelle Quiche!
Byrne Hollow Farm
Buehler's
Knorr Sidekicks
Mrs. Leonard's
Scott's of Wisconsin
Marcus
Snacks 101
Indulge Gourmet
Mead Johnson
Sturgis Beef Jerky
Watt's Brothers Farms
Tums
Block Barrel
Phoenicia
Shortstacks
Grateful Grahams
Belgian Boys
Emilio
ProFight
Core Natural
Ontario Natural Food Co-op
Lorenzo's
Tony Sfeir's
Nouvelle Boulangerie
Nancy Anne Bakery
Gilly Loco Salsa
Trescerro
Jasper's Marco Polo's
Catawissa
K'ul Chocolate
Pride of the West
Super Fuzion
Johnsonvilla Deli Bites
Chef Pineiro's
Almonta
Valley Fresh Berries
Right For Calorie Counting
Tabla Fresca
Preacher Boy's
Ethel's
Witten's Lucky Stars
E. Waldo Ward
Express Soup
Lindtt Chocolate Specialties
Davidovich Bakery
Hudson Valley Eggs
Yoplait Greek 100 calories
Sensational Dressing
Promise Gluten Free
Giant Eagle Market Basket
Food4less
Herman the German
MyoBlox
Le Matassine
APX Sport Drink
Cereal Snack
BC Jerky
Lemon Snapple
Simply West Coast
South Bay
Evans Apples
Ultimate Plush Pippin
Old Apple Hill Brine
Bulletproof Power Mind and Body
Talatta Brand
Whoops!
ZibaDel Creations
Snow Ball Pretzels
King Pin Pizza
Muscle's Sport International
Mascot Pecan Company
Whole Foods Market Organic
Whole Food Farmacy
Nomato
Inspire Whey Protein Isolate
Albert Bartlett
Garden Veggie Straws
Beekman 1802
Verve
Alpsnack
New Lifestyle Diet
Chumpies
H&H
McClure's
Bulle Nutrition
Brandini Toffee
Caza Mezze
Chef Select
Purdy's
Quality Food Centers
Country Dairy
Glucerne
Nestle Black Magic
Welby Health
Ubr
Labatt Blue
b'Drizzled
Deseret
Celebration by Sweet Works
Patz
Whetsone Valley Preserves
Zap!
Bus Jam Shoppe
Reli On
Ohanyan's
Wellness Weighs
Mill Creek
Uni-Pak Supply
Activz
Premium Select
Spirulina Pacifica
Something Sweet Without Wheat
Uncle Si's
Optimum Health Nutrition
PR Bar
Pure Palm
Blenditup
NoDoz
Coastal Range Organics
Wensley Dale Creamery
Don Poulin Potatoes Inc.
Bud Light & Clamato
Simply Good Friends
Home Baked Goodness
La Cascia's
Brace's Orchard
Silva Bakery
Bell Famiglia
Del Pasado
Ital Gelato
Crazy Steve's
Margareth Holmes
Kellogg's Jif
The Kitchen Whole Foods Market
SBK Holdings USA
Atlas Bay
Silver Dollar City
100 Bowls of Soup
Castelvetere
Tascosa
Maritime Grown
Nutra-Fig
M&M Bakery
Green Vitae Essence
Chris' Fresh Eggs
Fresh Bake Shop
Noodle King
Fit Snacks
Three Bears Alaska
Shaw's Supermarkets
Weis Hanover
Seafood Simple
Evolv Health
Aryzta LLC
Lambs Farm
Mayer Bros Fine Beverages
Red Velvet Oreo
Rayge Candy Co.
Hormel Pantry
Creative Fresh Foods
Munch with Martin's
VitaCraves
Raymundos
Selectos
Senor Edmond's
Guiding Stars
Pane Fresco
B Cured
Snowfox
8 Mate
Cloetta
Nabisco  BelVita
Keebler Simply Made
Aqua Nova
Cleveland Bean Sprouts
Tamanishiki
Siler's Select
Albuquerque TortillaTm
Pepito
Honey Tree's
Casserole
Sweet 10
Great Lakes
Thrifty Bee
Big Chief
California Rose
Womens Bean Project
Illinoy Toy Co.
Hikari Miso
Vics
Chef's Premium Rice
6 In 1
Harvest Select
3-Hour Diet
Nutrament
Golden Grain Mission
Jeffs Naturals
Odyssey
Lima
Greenline
Lucks
Pe Pe's
Cuervito Morado
Splendar
Bronze Chief
Mrs Tucker's
Devya Indian Gourmet
Better than Gravy
Kountry Boys Sausage
Original Dark Meat
Prepared Foods
Plmouth Pantry
Chappell Hill
Bar-s Foods
Stehouwer's Frozen Foods
Steam'able Deluxe
Big Easy Foods
Baja Caf
Ibarra's
Gerber 2nd Foods
Gossner's
Belfonte
Sundrop
Martha Gooch
Anthony's
Dippers
Sportman's Warehouse
Wisconsin Maid
Natural Brands
Cheese Pleasers
Dex4
Misto
Wellness Bites
The Sticky Toffee Pudding Co.
Schwab Meat
Marshmallow Munchie
Way Out West
Dungog Barrington Bakery
Gourmet Village
Basa-Nova
J&J Snack Foods
Pacific Mountain Farms
Georgia Greens
Natural Snacks
Richwood Meat Company
Rolling Hills Selection
Les Biscuits Debeukelaer
Ma Baensch
Lili O'Brien's
The Grizzly Paw
Simply-To Go
Community Markets
Orange Reviver
Vitasoy Tea
Samurai
Louisiana Gem
Deborah Kaye's
Grady's
Humanscale
Global Berry Farms
Tedeschi Select
Everything & More
Shake To Go
Schulte
La Fernandiere
Foojoy
O'Sole Mio
Quality Dairy
Trtue Athlete
Sirop D'erable
Betty Crocker Chicken Helper
MGN
Love Snacks
Neiman Marcus
Vemma Verve
Potlicker
Buffalo Bills
Tony's Bakery
Kellogg's Special K
Frankie's
Rouses Best
Guzzler
Apco
Snow Storm
Kaiser Permanente
Padma's
Roundy's Fisherman's Reserve
Robert Rothschildm Farm
Hy-Point Farms
Colorado Nut Company
Frito Lay Munchies
Allsup's
Kellogg's Eggo
Thriftway
Simply Nature Kids
Good Life Food
Skinny Grape
TenRen's Tea
Coka Cola
Harley-Davidson Roadhouse
Ensure Clear
Singleton Seafood
Naturally Nested
Supreme's
Laughin Giraffe Organics
P Nuttles
Dashi
Cambell's
Mariana
Fruchi
Cox's Honey
Landolfi's
ALR Industries
Maple Donuts
Backer's
Nature's Elite
Arctic Star
Woody's Smokehouse
Mediterranean Pita
Earth Island
Tasty Bites
Call Me
Poplets
Maple Meadow Farm
Rugby
LIV Organic
No Ho
Pure Energy
Zummo Meat Co
Koch Poultry
Hartford House
Kiolbassa
Seattle's Best
Sierra Mist Natural
Merita
Just Veggies
SunPix
Black Jack
Chef Garcia
Landies Candies
Otis Spunkmeyer
Cocoa D'or Chocolats
Cream of Rice
Just Desserts
Rob's
Almond Accents
Edaleen
Fluffy Stuff
Fruitwood Orchards
ReaLime
Dell Amore
Asian Home Gourmet
Austin's Own
Robert's American Gourmet
Roberts American Gourmet
MarieLu
Lucky Charms
Disney's
Fruit By The Foot
Cookie Crisp
Reese's Puffs
Create-A-Dino
Cocoa-Puffs
Fruit Roll Ups
Sunrise
Cajun Jerky
Miguel's Stowe Away
Ice
Sparkling Ice
MexAmerica
Delifresh
Pangburn's
Corey Bros. Bakery
Bruces
Sweet-10
Curtis
Hunkey Dore
Taste of Tony's
Bachman Kidzels
Isagenix
Qunol
Stemilt
Proti Square
Neese's
Naturally Organic
Alfredo Aiello
Ocean Rich
Seafood Made Simple
French Country
H-E-B Blendables
Pink Energy
Seagram's Escapes
Versana
Biggy Iggy
World of Chia
Old Delray Baking Co.
Kyukappa
Red Road Buffalo
Holly's
The Higher Taste
Ann Marie's Bakery
Kings Pita
Mill River Winery
Tomorrow's Organics
Three Elephant Brand
Bee Natural Honey
Sarap
Dr. Prager's
Crown Naturals
Yaki Sushi Nori
Smiths
Cajun Land
Among Friends
Asian Classic Seafood
Pea Protein
The Depot
Koriyama's
Vinefresh
Dillions
Keurig Brewed
180 Degrees
Slim & Sassy
Flavor Kist
Stone Brewing Co
Quaker Quinoa Granola Bars
Snap-E-Tom
Brigham's
DeCecco
Montes
Eden Springs
Candy Break
Huy Fong Foods
Annarinos
Chimenti's Baking Company Inc.
Miracle Fry
Tumaro's Gourmet Tortillas
Bolletje
Old Wessex
Mr. Brown
Birrittella's
David
Harley-Davidson
Gold'n Soft
Bean Cuisine
LouAna
Gold N Sweet
Greek Gourmet
Certified Angus Beef
Pagen
Ragold
Rev7
Pur
Arctic Zero
Ben & Jerrys
Brothers
Cool Cravings
Disney Magic Selection
Eggology
GaGa's
Goldenbrook Farms
Haagen-Dazs
Hola Fruta
It's Soy Delicious
Klondike
Lezza
Lemon Quench
Molli Coolz
Polar Treats Novelties
Premium Ice Cream
Purely Decadent
SheerBliss
Silhouette
Stroh's
The Greek Gods
Velvet
Seasoned Pioneers
Arden & Amici
Copella
Annabel Karmel
Askeys
James White
Home Farm
Snack Tree
PBMG
Highland Game
Rustlers
Carroll Cuisine
Danone Actimel
Serious Pig
The Saucy Fish Co.
Fruit Bowl
Lighter Life
Pimhill Farm
Yew Tree Dairy
Ultimate English
ASDA Extra Special
Mary Berry's
Natural Days
Dinsey
Treat!
Cascade Dairy
Journey to Germany
Shaker Pond
PictSweet Farms
Curate
Alka-Seltzer
The Ritz-Carlton
DietWorks
Pampanga
Savories
Albertsons Market
Hilltop Perk
Malher
Nussli
Nut Barrell
King of the Sea
Grandma Mary's
J.O.
Earhly Grains
CVSHealth
Simple Triuth Organic
Gia
The Primal Kitchen
Cuckoo
Just Love
Lisner
Helen's
Fruitfield
Simply Halal
USlim
Crucials
Yu!
Free'ist
Simon Howie
Honey Monster Puffs
Ilumi
Mash Direct
Qu4ttro Stagioni
Pink Panther
New York Bakery Co
L'Aquila
Renshaw
Alpen Light
Pearce Duff's
Newborn Bakehouse
Bachelors
Niru
Four J
Perfection Sweets
Sarris Candles
Mother's Market Kitchen
Butchers Kitchen
Hallam's
Toastmaster
Scotbeet
Sunpic
Morning Fresh
Manor House
Combino
Kanpur Garden
Lidl
Milbona
Salco
Maribel
Czark Hearth
Swanson Healthy Foods
Mrs Filbert's
Sweetfrost
Golden Coast
Sea Crest
Copia
Frugo
Heidi
CNP Team Sky
Sea Isle
Beth's
Zantrex
Xcelerated Performance Products
Casa Chicas
Classic Cookie
Pure Pret
Snack Club
Creekside Creamery
Woody Creek
Holsum Ovens
10 for $10
Vectron
Nonna Artemisia
Nutty Naturals
Pada Sushi
Go N'Syde
Resort Delights
Phoenicia Baking Company
Mcree's
CB's Seeds
Day N Nights
Victory Seafood
Bemar
Baguio
Uncle Yammy's
Utah Truffles
Great Catch
Matlaws
Orchido
Wescott Orchards
LA Weight Loss
Viance
George's Bakery
World Famous Joe's
New Frontier Bison
Sexy Sculpt
DailyBurn
The Original Donut Shop Coffee
Poultry Farms
Kava-More
Smart & Simple
Granola Girl
Beigel's
Organic Pastures
Admiral's
31 Muscle Recovery
Eco Planet Organics
Edison
Apex Energetics Nutritional Complexes
Pop' Box
Forza One Performance Nutrition
Nooma
Baja Son
Weis Vnergy
Krisda
Sun Country
Ratio Protein Bar
Giorgio Fresh
Hilard
Mega Pop
Laurie's Kitchen
Barissimo
Homemade Brand
Sante
Superior Grocers
Papa Tubs
Travel Snacks
RealDose
Vienna Bread
Universal Ultra
Better MD
Protocol for Life Balance
Pleasure and Cheeses
Flan-es-Cedo
Two Tias
Salsa Lisa
Earth Grown Nutrients
Grandpa Pete's Sunday Sauce
Tops Mart
Wild Coyote
Evolution Nutrition
Delica Sea
Yangtze
Inari
The Soup Project
El Molinero
Green Meadow Organics
Nature Well
Paul Piazza
Williams & Conner
Dream Water
Waiola
Stonecrest Gourmet
Idaho Harvest
Doreen's
Sisters Baking Company
Tru-Nut Butter
Envy
Askegaard Organic
Sinful Bakery
Maramor Chocolates
Narragansett
Primrose Candy Company
S.Q. Wish
Snaps
Tech Time
Wha Gupu
Zotz
Hilco Corp.
Bloomer
Celeste Stars
Hermann the German
Rolets
Wilhelmina
Hoya
King Seafoods
Sea Fare Pacific
BelVita
Frunola
Honest Foods
Mom's Best Naturals
Polish Folklore Import Co.
Willamette Valley
Traci's Gourmet
Best Yet
Cafe Bustelo
Laciate
Medaglia Doro
Stephen's Gourmet
Big Papi
Basque Norte
Buther Block Sauces
Chef Lala
Christie's
Cranberry Fool
Daddy Sams
Gayle's
Hamburger Heaven
Ketchipotle
Lingham's
Lock's
Lum Taylors
Mister Mustard
Neilly's
Ol' Gringo
RavensBark
Redbone Alley
Sport Service
Wholemato
Uncle Joe's
Carriage Trade
Flying Elephant
Griesson
Javine
Leibniz
Original Carlsbad Oblaten
Real Torino
Royal Lunch
Tates Bake Shop
White Eagle Bakery
Absolutely
Angonoas
Camembert
Doctor in the Kitchen
FiberRich
Fiber Rich
Maple Street Creamery
OroBello's Finest
Town Square
Choco-Good
Erivan
Natures Promise
Olympus
Rock View
Skyhill Napa Valley
Traderspoint Creamery
Penn Maid Diary
Andrulis
Atalanta
Billies
Celtic
Claudel
Deutschmacher Brand
Fenway
Fromagerie Guilloteau
Isernios
Johnson
Kettle Soup Cuisine
Li'l Butterball
Naturally Good Kosher
Original Herkimer
Parma
Pariano
Red Apple Cheese
Scotts Of Wisconsin
Sole
Sunrice
Triple M
Wampler Foods
Widmer's Cheese Cellars
Oakes Farms
Olive Valley
Rusty's Island Chips
Texas Brew
Crank Sports
ID Life
Footy's
La Jama
Simply Naturelle
Forest River Eggs
Murray's
SF Markets
KFD
Misionaro Vegetables
Toffee Break
Pioneer Valley
Helster Candies
Optipro
Q Drinks
Fattorie Giacobazzi
Patsy Pie
Kitchen Accomplice
Mrs H.S. Ball's
MedTeam Weight Loss
Garden Life
Wendel's Specialty Breads
Gertie's
Amano
The Fiber 35 Diet
Just Popped!
Thai Lokass
La Francaise Bakery
Leelanau Fruit Co.
Whitehall Specialties
Hillside Harvest
Cara Cara
Jade Monk
Lobico
Fran's
Hansen Brothers Snacks
Johnson's Popcorn
NY Snacks
Fritzie's Bake Shop
Bianca's
Royal Chocolates
Essential Eating
Green Smoothie Girl
Casal Domingo
Karanagh's
Mama Bosso
Scott's So-Easy
Taco Shack
Taleen
Southern Maid
Mini Raquel's
Mio Vitamins
Krrrrisp Kraut
Millky Way
Wilde Boldr
Swoffle
M White Tortilla
Morrisons Fresh From Market St
Dr Pete
Ape Man Food Co.
Smart Made
Tropical Storm
Loadebar
Munchy's
Smart Tortillas
Morrisons Cake Shop
Wild Tree
Aloera
M.W. Heron's Southern Comfort
Lil' Chef
Matdongsan
Thrive Market
Cheery Monkey Foods
Matthews
Westborn Market's
Carolina Ranch Brand
Yellow Corn
Procore
Heera
Chase's
Bendtsens Bakery
Dassani
Grubbersputz's
Dr. Tony O'Donnell's
All Seasons Orchard
Mauro Gianni
Greengrocer Roundy's
Hippeas
Wild Force
310 Juice
Afton Apple
LeJeune's
Rosa Labs
Bootlegger Brewing
Karlin Foods
Ends & Pieces
Lakeland
Fresh Bread
Plantains
Laura's Lefse
Luzoma
Battaglini
Aloha Maid Natural
Old Orchard Premium
Love Hearts
D'annunzio's
Land O Lakesr Dairy Easetm
Nassau Candy
Knudsen 100 Calorie
DragoneR
Napolitanke
Lipton Sparkling
Superior Nut
Gerber Graduates Yogurt Melts
Meadow Gold Haleakala Dairy
Naked All Natural Juice
A 1
Pacific Breeze
Ccf Brands
Ssips Aseptic
Spice & Seasoning
Kraft Salad Dressing
Slow & Low Rubs
Canels La Vaquita
Kraft Mayo
Big Bob Gibson
New York Flatbreads
Swiss American Inc
Japanfood
Good O
Barbados Crop Over
Hawaii Popcorn Company
Frontier Natural
Lance Freshness
America's Original
Donut House
Maxwell House International Cafe
Country Bob's
Pyromania
Umpqua
Perfect Foods Bar
Entenmann's Ultimate
Granola Gourmet
Iron Girl
Williams West
Goodmans
Sea Veggie Algue
Daily Delight
Apple Villa
La Sierra
The Herbal Answer
Sarita
Balsamico Vignola
Pure Grain German Bakery
Mighty Soft
Advance Body Technologies
Klondike Petite
Columbia County Bread
The Gilded Nut Snack Co.
Redstone's
Green Energy
Motto
South River
Bonnie's Jams
Dippin' Pizza
Vivapura
Beef House
Mamita's
Cacao Magic
Sweet Candy Company
Coco Well
Carletto
Gala Bakery
Cedar River Foods
Pie in the Sky Bakery
Lila's Desserts Inc.
Allens Hill Farm
Menehune Mac
Norm's Farms
Midnight Springs
Eric's Snacks
Pollen Power
Fiber Pure
Healing Home Foods
Shalom Kosher Bakery
Mamma Lombardi's
Ready Bake Foods
Yanabah
Omega Crunch
Dr Kefir's
Wink Frozen Desserts
Kauai Nut Roasters
Babbling Brook's
Extend Bar
Western Grillers
Tonn's
French Meadow Bakery & Cafe
La Boucherie
Bio-Engineered Supplements & Nutrition
Gracias
Purity Premium Treats
Dentyne Fire
Kinnikritters
Gift Boxes
Timber Ridge Farms
Brookside
Lorraine
John B Sanfilippo
Swiss Garden
Le Delizie Del Farnese
Santa Barbara Biscotti
Nochebuena
California Mission
Nabisco Ritz Bits
La Lachera
Bandon
Select
N-joy
Nutrex Research
Pasquale's Pizza
Totino's
Tony's
Clemente Jacques
Organic Prairie Family Of Farms
Jeno's
County Post
Rainbow Glacier
Pilgrim's Pride Take&bake
Southern Belle
Chung's Supreme
Function:
Sensational Sides
Sundae Xtreme
Yucatan Foods
Powers Western
Powerade Zero
Western Trail Mix
Moore's Marinade
Dawn Fresh By Giorgio
Milo
Gerber Juice
Caputo
Carmine's Bakery
Prairie Inn Gourmet Dips
Lean Pockets
Smokey Robinson's
Doctor D's
Joan's GF Great Bakes
TheInspiredCookie.com
Monical's Pizza Restaurant
Crackle Snaps
Ciara's
Lean Nutrition
Millies Savory Teas
Gorp
Crystal Own Raw
Haciendas de Oro
Pepecuate
Freshology
Shiner Smokehouse
Bansi
Durling Farms
Arkona
Spring Celebration
Yakima Fresh
Flave!
Solstice
Richard's Cajun Country Foods Corp.
Chee Zees
Cookes in Paradise
Kerr's
Dr. Tobias
Hadson Toko Trading Company
Bunny Fields
Calivirgin
Island of the Moon Apiaries
Kecchiuti
Alberto's European Bakery
Jamie Oliver
Fish House Foods
Cave Man Foods
DCI Cheese
Ridley's Family Markets
Red Blue Market
McJak Candy
Fruitrients X
Jerkee
Corrade's Market
Nutri-One
Ho Fan
Arrighi
Compliements
Redner;s Warehouse Markets
Hudson Valley Farms
Farmington Foods
Oka's
Smiley's Deli Pride
Gino's East of Chicago
Mystic
Russos
Super Foods Rx Kitchen
Cool Dog
aristo
Dr. Melina
Linny Mac
Think Energy
Zoic
GK Snacks
James Skinner Baking Co.
LaBree's Bakery
Awrey's
La Bree's Bakery
Sargents
Pizza Hut Grocery
Target
Uncle Wally's
Cream-Nuts
Elmer Candy
Fred's Fairly Famous
Walkers Shortbread
Sansations
Captain Carl's
James Foods
Linda McCartney
Willow Tree Poultry Farm
Bella Monica
Mystic Pizza
Matterhorn
ON's
Frankly Fresh
Broad Street Bakery
The Caterer's Secret
Knorr Side Dishes
TGI Fridays
Mixmatch
Stouffer's Restaurant Classics
SoLo Gi
Apio
Metra GeniX
Entenmann's Danish
New York Bagel Boys
Real McCoys
Sport Beans
Eskimopie
Nogii
Grace's Home Style
Elli
Snap
Vithit
Texas Pride
Seaweed Love
Memphis Wings
Syrena Bread
Sprague Foods
WE Every Day
Biocoffee
Noreast Foods
Sophia Taralli
Lancaster County Cider
Good Hemp
IMWhey
Straight From The Root
It's All Goodies
Farmwise
Cupp Keyk
Nuero
Pugon de Manila
Rob & Iggy's
Dunham's
Arataki
Parade
Safeway
Safeway Kitchens
Air Heads
Black Forest
Florida's Natural
Clif Kid
Kellogg's
Nonuttin'
Meijer
Sun-Rype
Archer Farms
Welch's
AquaDrops
Carousel
Bawls
Crazy Planet
Flix
Hilco
Life Fitness
Marukawa
Sahale Snacks
Snak Club
Star Snacks
TrueNorth
URGE
Spare Time
Gridlock
Patternson Fruit Farm
Manzo
Giant Eagle Candy Place
The Farms At Belmont
Hoho
Bio Nutrition
La Campana
Anthony Marano Company
Golden Ratio
A Game
Sugarfina
Nanyang
Proti-Pasta
Premium American
Hippo Size
OMghee
Smith Bros.
Metabolic Bioshock
Sushi on The Roll
Super Kids
London Orchard
Cinch
Aloe Garden
Avenue C
Bunny Teeth
California Baking Co.
Escalon
Good Meadow
Fit Patties
Xerveo
Granoro
Old Stitch
Sorbara's
Kraft Stove Top
DB 9
Bayou Brothers
Lipton Tea
Salads Galore
Juanita's Candy Kitchen
Universal Bakery
Vermont Organic
Jaime Spanish Village
Fat Louie's Olive Oil Co.
Mum's Original
Golden Sun Channel's
Lucky Eight Brand
Monjunis
Maple Chewnami
Persia Lady
Juice Basin
Ahmed Rice
Twisted Tea
Dell Foods
Platinum Performance
Beaver Bark
Healthy Naturals
Flamingo
Kradjian Importing Company
Snell House Foods
Chef Pascal
Bon-Gurt
Mama T's
Dinkel's
V8 Entrees
Humphrey's
Northwoods Soda & Syrup Co.
Rural King
Secure
Sun Ming Jan
Kuntry Kettle
Haggen's Original
Di Carlo's
Art's & Mary's
Buongusto
Potter's Crackers
Earth Born Market
Felix & Norton
Yummari
Always Fresh, Always On
Don Juan
Larry Schultz Organic Farm
A Touch of Honey
On a Roll
Vegan Jerky Co
Organic Living Superfoods
J. Morgan's
Salem & Sons Bakery
Georgia Int'l Foods
Revival
Ester's Granola
Fresh Thyme
Big Cock Ranch
Dirt Road Gourmet
La Casa Foods of Sonoma
Das Jam Shoppe
Brazo Gitano
Simply Salsa
Above the Dam, LLC
Green Hat
Doodle's Sugarbush
Eating Evolved
Lox
Karb Rageous
Hanna's
Pika's Farm Table
ITG
Surgex
Brickfire Bakery
Restaurant Lulu
Kids' Favorites
Sweet Vine
Pride of Suwannee
Roar Performance
Honey Bunny
Express Food Court
Baja Micheladas
RAWr Life
Imei
Vigilant Eats
Lift
SOS
Beach Body
Harbalife
Dallas Gourmet Bakery
Monkey Butter
T'Best
Regiomontana
Chunkie Dunkies
Health Vision
The Family's Cake Company, Inc.
Honey Well
Global Farms
Fresh Pressed Juice Co
ABC Bakers
pH Miracle Greens
Soy-Sen-Zay
Lula B's
Hudson Valley Naturals
Ski's Meat Market
The Prairie Gypsies
Amber Ridge Maple
Mrs. Bonser's
Fred Harvey Trading Company
Good Drink
Economy Candy
Villa M
Snowdonia Cheese Company
Acassan
Guapo Grocery
Cloister Honey Grocery
SamMills Grocery
Weeks Honey Farm Grocery
Cross Creek Farm Grocery
Bee Well Grocery
All Natural Farm House Grocery
Adriano Marinelli's Grocery
Honey Grocery
Joe's Kids Grocery
Red Tornado Grocery
Uncle Jerry's Grocery
Cola Grocery
Zelda's Sweet Shoppe Grocery
Wegmans Organic Grocery
Sprite Cranberry Zero Grocery
Longhorn Steakhouse Grocery
Double Crisp Grocery
Slawsa Grocery
Honey Crunchin' Oats Grocery
Turtle Grocery
By The Bite Appetizer Co. Grocery
Little Red Wagon Granola Grocery
Fruit Swirls Grocery
The Original Hooters Grocery
Nature's Eats Grocery
ConAgra Mills Grocery
Old Vienna of St. Louis Grocery
Banquet Morning Bakes Grocery
Fruit Punch Grocery
Duck Dynasty Grocery
Safflower Oil Grocery
Gin Gins Grocery
2Good Grocery
Upton's Naturals Grocery
Fresh & Easy Grocery
Wink Grocery
Creole Foods Grocery
D'Vine Foods Grocery
Excellent Baron Grocery
Belluci Premium
HomeStyle Foods
Sol Del Limari
High
Bellucci Premium
Fre
Victoria Trading Company
Keg Style
Roots
World Peas
Equal
Pre
Propel
Sturm's Village Farm
Quaker
Totally Light
Blue Crab Bay Co.
Casbah
Bimbo
Chef Shaikh's
Family
Hikari
J1
Kurano Kaori
Maine Coast Sea Vegetables
Pataks
Shimaya
Sun Voi
Tasty Bite
Alexian
A Dutch Masterpiece
Alpine Lakes
Alpine Meats
Apple Smoked Cheese
Amber Valley
Ball Park
Ba Tampte
Betts Gourmet Spreads
Bistro Sensations
Black Creek
Blaser's
Bobak's
Boursin
Cabot
Cantella's
Capra
Campofrio
Chef's Requested
Citterio
Chef Express
Citterio Fresco
Columbus Salame Company
Crave Brothers
County Line
Cypress Grove Chevre
Denmark's Finest
Dofino
Double-H
Eckrich Deli
El Greco
Les Artisans de l'Aube
Rogue Nutrition
Dutch-Way Dairy
Sans Souci
Sensato Foods
Lil Bites
Jarlsburg
Lala Foods
Katana
Dahl's Foods
Pangea World Bakers
Gerhard's
Rossi Pasta
Love Bar
Fruit Advantage
Biolife
Pinks Original Bakery
teVenti
Pacific Surf
Hat Creek Pickle Company
Hank's Select
Tipu's
Delicias de la Abuela
The Farmer's Plate
Milk & Honey Farm
Hot Wok
Nanita's Finest
Tropicale Foods
Drunken Cow Jerky
Gouttes
Texas Brittle
Fresh Aisle
Rocky Rococo
Tastefully Simple
Bread Srsly
Danielle's
ibitta
Hornback Family
Crazy Fresh
Terrasoul Superfoods
Dumas
Hi Mountain Seasonings
Fresh Catch Hawaii
Dr. Dougall's
Bridgeman's
Starving Farmer
GFR Health
Gypsy Juice
Eat Real
Sun Sprouts
Revive
So Good
Solar
Anne's Kombucha
Cobblestone Foods
Wallababy Organic
Amazake Rice Shake
Q Grapefruit
BluePrint
Uncle Matt's
Bitchin'
Fever-Tree
Hooper's
El Nopalito
Naturalissima
Hew Hope Provisions
Angelo & Franco
Roseland
Sierra Nevada Cheese Company
Heidi Ho
Bremer
ARZ
Shepherds Of Cyprus
Annabella
Classic Kitchen
Saval Kosher
That's It
Nearby Eggs
Sweetmeadow Farm
Asturi
Menz
Bell Plantation
Cave Man
Sandwich Bros. of Wisconsin
Italia In Tavola
Agave Sweet
Smari
Java Delight
Kathleen's
Dr. Snack
The Chia Co.
Leinenkugel's
Sun West
Angelic Bakehouse
IHA
Kam Wah
Ember Farms
Freddie Lee's
Evol.
Dr. Clark's Center for Weight Loss Success
Cajun Chef
Fragata
Hellas
Mediterranean Organic
Oloves
Paesana
Sclafani
Thenia
Bonavita
Mrs Cubbisons
Valley Fresh
Christopher Ranch
Green Giant
Newman's Own
Anzac Spirit
Austin
Barbara's
Barnum's
Biscotti Brothers
Bolands of Ireland
Bud's Best Cookies
Carlsbad Oblaten
Burton's
Cafe Cremes
Cougar Mountain
Country Choice
Cuetara
Dairy State Foods
Divine Meringues
Desserts On Us
Dick & Jane
EnerG
Carefree
ShopRite
Good Food
Sisters Gourmet
Franz
Nature's Own
Silver Hills
The Essential Baking Company
Mahalo
PEZ
Dorset Cereals
Seitenbacher
Dean Jacob's
Ethnic Cottage
Trinidad
Nature's Best
Elledi
Fox's
General Henry
Gullon
Homefree
Heinemann's Bakeries
Hello Panda
Irene's
Jo-Sef
Jimmy's Cookies
Jammie Dodgers
La Moderna
Kola's March
Lil' Dutch Maid
Lees' of Scotland
LU
Marin Brand
McVitie's
Nabisco
National Military Family Association
Newman's Own Organics
Nutter Butter
Osem
Payaso
Parmalat
Piet Verduijn Bakery
Petri
Raw One
Round Cows
Poppies
Semifreddis
Sorbee
Snack Wells
Sociables
Sugar Free Enchantments
Sweetzels
Taste of Belgium
Uncle Al's
Van Den Berg
Twin Dragon
Absolutely Divine
European Voyage Collection
Air Crisps
Blue Diamond
CaPeachio's
Carr's
Devonsheer
Falwasser
Elsa's Story
Explorer's Bounty
Grille
Judy's Breadsticks
Fernridge Farms
Neco Paas
Koya
Saucy Lips
Mittens Travel Plaza
Hovis
2 Towns Ciderhouse
Kool-Aid Jammers
Candy Cart
Truckee Sourdough Company
ProBody Solutions
Green Fresh Giant
MyTea
Victoria Amory
Kirby Holloway
Townhouse
D & B Supply
Cajun Xpress
Ruuska
Eat Fresco
My Hawaii
H-E-B Singles
Pacific Cheese
Saugy
Blum Center for Health
Redclay Gourmet
Rosalia's
Country Perogy Shop
C4 Sport
Flower Brand
Kick Ass
Moments
Holistic Acres
Chidester Farms
Hopsino
Jakeman's
Altalia
C Nature
Cogo
Ay Chiwawa!
FM
Grippos
Cerebos
Cuvee Coffee
Javi's
Papa Carroll's
No.5
Bake Crafters
Good Seed
Whitewave Foods
Michigan Brand
Los Cabos
Bakery Fresh Goodness
Rivertrail Foods
Chek
Rockin' Refuel
Diete
La Cocina De Josefina
Kitchen Cravings
Smith Brothers Farms
Nuevo Grille
Soup Soupe
Renee's Gourmet
Tim Hortons
Astro
Sensible Solution
Yoakum Ranch
Body Fit
Wong Wing
ElMonterey
Gourmet Cafe
Hawaii Star
Nature's Bounty
Ass Kickin'
Brookshire's
Mum Ford's
Mindful
Drug Mart
Fairytale Brownies
Inner Armour
Simply To Go
Wellesence MD
Apricot Power
Red Line
Basha
Iso Flex
California Suncakes
Maple Hill Creamery
Wonder Slim
Easy Indian
MuscleGel
Now Sports
P.A. Products
Sunset Creek
Block and Barrel
The Carolina Nut Co.
Pump Fuel
Holy Land
Freshdirect
Lean Mr
Chuck Wagon
Owl's Brew
Castleberry's Austex
W fit Nutrition
Buona Stella
Dave's Scoops
Monterrey Tortilleria
Mike's Hot Honey
Rumi's Passion
Castillo Salsas
River House
La Plaza Tortilleria
Sweeter by Nature
Cook Me Somethin' Mister!
Orgain Organic Meal
PEScience
Breakfast Essentials
Pellegrino
Welsh Cakes
Power Cakes
Beyond Good!
Backyard Burgers
Clear Fiber
Big Train Chai
Universal Parks & Resorts
Ciruli Brothers
Provimi Foods
Gold 'n Rich
Federal
Rebecca & Rose
Organic Drew's
Farkay
CoroWise
The Best Ever Bar
River Gold
Sarah's Fine Foods
Mr. Lucky
Lepage Bakeries
Fit 'n Free
Inner Wellness
XP Labs
Cesar A. Lara M.D. Weight Management
Real Time Cafe
Exotic OxyJuice
Green Phactor
Orsis
Fit eats
Delimax
Naylor's
Lean Cuisine Marketplace
Finger Food Products Inc.
Superior Cake Products
Tru Ade
Eating Right for High Protein
Ziggys
Tastybird
Winder Farms
Excelline
CBTL
Great Grain Bakery
Rotiland
Meninno Brothers
Raw Crunch
Selection
Beatrice
Milk 2 Go
Kingsey
Marjon
Wisconsin Premium
Wholey
FitAid
Ocean Treasure
Great Northern Pop Corn Company
Green Mountain Creamery
Intek
Xenergy
Super Crackers
Nupo
Raw Delight
Marks & Spencer
SeaPak Shrimp & Seafood Co.
Coca Cola Life
Blue Menu Bleu
Sidekicks
Pict Sweet
Aunt Sarah's
Sysco
SuperiorLabs
Windset Farms
Pittsburgh Popcorn Company
Live Love Pop
Field Trip
My Fit Foods
XPI
Cutler
Vivra
Lighten Up
SureLife Foods
KillCliff
Ayala's Herbal Tea
McLure's
Minato
Moose Creek
Motherlode Provisions
Mang Tomas
Nance's
Old El Paso
My Country Sweet
Open Pit
Patterson's
Red Gold
Rayes
Premium Recipe
Sabrosa
Porky's Place
Rumboggies
Something South African
Squid
Tapatio
Terrell Davis' Mile High Salute
The Bread Dip Company
Tobago Keys
Tropical Pepper Co.
Uncle Dougie's
Tony Chachere’s
Wing-Time
Williamson Bros.
Burman's
Good Health
Barcel
El Rancho
Hawaiian Chip Company
Lorenz
Porkie's
Tyrrells
Palmer
IGA
Less Carbs
Venecia
Pranzo
Dolly Madison Bakery
AMPI State Brand
Enfamil
Happy Melts
Tastybaby
Abram Lyle & Sons
Argo
Bakers
Billington's
Brown Family Farm
Thai Food King
Salad Companions
EXOS Performance Nutrition
Yamhill County
Millstream Nature Foods
Forno d'Angelo
Peppa Pig
Spring Kitchen
European Classics
Kokuho Rice
Roaster Joe's
Savory Harvest
Boyo Boy
Berry Market
Yissine
Agua Fresca
Koepsell's
Sonric's
Performance Science Nutrition
Nutri Wise
Marvella
Tippin's
Mountain Nut & Fruit Co.
Friendship Farms
Veggie Select
Les Moulins Mahjoub
La Ricura
Crystal Cascade
HydroONE Rev'd
Hatchland Farm, LLC
Chiappetta
Simple Origins
Half-Baked Idea
Fahlstrom Farms
Taffy Town
Angelo Brocato
Whale of A Pail
Balance Bare
Honey Ghee
GU Brew
Turkey Valley Farms
Tri-State Baking Co
Nashoba Brook Bakery
Tortilleria La Camperia
Cabor
Choklad Ljus
Gardencut
Viobin
Mamachari Kombucha
Dae Won Food
Tahoe Trail Bar
Organic Mamma Chia
Tender Crust
Surge
Dalla Terra
Export Sodas
BeneFIT Bars
Yoder's Fine Foods
Fresh Flavor
Sawmill
Feel Good Foods
NibMor
Daily Greens
RxBar
QFC
Neilsen
New Orleans' Famous
Arctic Gardens
Modern Muffin
Crio Sport
North Coast Naturals
International Bread
Organic Avenue
Ocean Bonnie
Spaans
Guido
Matador
Co-Op Gold d'Or
Cott Beverages
Nautilus Brand
Ezee Pizza
Ephraim's
Baked in Brooklyn
Harvest Farms
Terry Lynn
Fireside Coffee
Canada True
Oakdell Egg Farms
Jersey Lynne Farms
Alaska Flour Company
Pom Poms Wonderful
Jaali Bean
Will's
Fit Tea
The Smart Healthy Snack Co.
Enzymatic
Camilla's Kitchen
Office Snax
MuscleMeds
Body Effects
Perfection Bakeries
Sadie Rose Baking Co.
Seattle Baking Company
Seattle International
Sumanos Bakery
Seattle
Terranetti's Italian Bakery
Ultimate Grains
Wholesome Harvest
County Market
American Licorice
Alter Eco Fair Trade
Almond Roca
Asher's
Berkshire Bark
Baci
Buddy Bears
Candy Tree
Care Bears
Carmit
Charlotte's Confections
Chewbies
Chocolove
Chuao Chocolatier
Coffee Crisp
Clark
Cortes
Creamsicle
Droste Holland
Fascini
Eskimo Pie
Flipz
Fruit Licks
Goetze's
Gimbal's
Hachez
Hebert Candies
Hawaiian
Hot Tamales
Heide
Jaw Busters
Jitterbeans
Joyva
Junior Mints
Lakerol
Laffy Taffy
Lindt
Lucky Country
Master Foods
Milk N Honees
Nectar Bee Trading
Munch
Now and Later
Orchard Valley Harvest
Old Dominion
Rausch
Ricolino
Roca
Simpkins
Sherwood
Shultz
Sour-Licious
SQ Worms
Sun Cups
Stephany's Chocolates
Taveners
Terrys
Tootsie Pops
Tobler
Toxic Waste
Triton's
Violet Crumble
Whirley Pop
Yuckers
Pelonetes
Blueberry Hill
Dots
Holiday Treats
LesserEvil
PeA Schokolade
Snack Factory
Aloha Gourmet
Broadway
Disney Pixar
Gold Lite
Harmony Snacks
Hershey's
Krowki
Kong
King Leo
RedVines
Punch
Vale D'ouro
TapouT Sports Nutrition
Toll House
Mothers
Hanover
MLO Natural
Kontos
Ragu
Lm Foods
My Parade Bread
New Cascadia
Cotes Levees
Trac Health
Holly Hock Hill
World Berries
J. Brodie Meat Products, Inc.
TX Street Eats by H-E-B
Syrena's
Galinas
Helo
Swerseys Chocolates
Medical Weight Loss Centers
Dutch Creek Farm
Kosher Farms
Marusei
Peace Pies
Bluebird Grain Farms
Max Snack Foods
Jackson County Dumplings
Lahaha
Papa's
Sudzukice
Atlanta Foods
Soumaya & Sons Bakery
EssentiaGreens
Dover Farms
Dunn's River
Bread of Heaven
Fresh Sides
Saag's Naturals
Bambino
Fran Corriher
Yosemite Country Foods
Luigi Brand
LandO'Frost
Faragello Food Industries
Quitased
90 Second Rice
Raley's Chef's Menu
Homebrand
J&J Kosher Dairy
Mousse
Pirro's
Kroger Carbmaster
Malony Harusame
Gramma Pearl's
Lewiston's
HealthSmart
Block & Barrel
Wes Foods
High Lawn Farm
Tyrrell's
Progressive
Sweetwater Creek Honey Farm
Cocoa Metro
Basil's Bavarian Bakery
Southern Groves
Wimmers
Gordy's
Good Choice
All Twisted
Fralinger's
Baltimore Crab Company
Del-Rivo
Roundy's Fresh
Gouvea's
Corner Market
Baumkuchen
Mom Brands
Butterflake
Santa Fe Ole
Ziggy's
Old Timer
Oh Snap!
4 Seasons Fund Raising
Snyder of Hanover
The Chip Shoppe
My Brother's Chips
Wind & Willow
Best Wings USA
Granola Mama
Belle Collina
Chami
VitaSea
Gold Rush Creamery
Bella Gardens
King of Pop
Hodo Soy Beanery
Power of 3 Nutrition
DeMet's Flipz
Tasty Brand
Uncle Buck's
The Pantry
Applewood
Organically Yours
NaturSource
Joy's Gourmet
Vito & Nicks II
West Side Bakery
Flatout Foldit
NtriMed
FruitFruit Organics
Caffe Stix
Whey+
Zeal For Life
Single Serv
Rox Bar
Pure Vegan
California Trail
Flash Foods
Peak Fresh
Tru Heart
Cooling Rack Bakery
1000 Island's River Rat Cheese
River-trail
Nugget Markets
Gurunanda
E-Fuel
Avicolli's
Honeybee Centre
Cream O Land
Pop Potato
H-E-B Tx Street Eats
Hungry Unbound
La Onda
Snack Better Sahale Snacks
Clever Foodies
Koala Farms
Natural Whey
Mr. Mini Cookies
Applegate Organics
Simply Tropical
Cheetos Puffs
Australian Style
Champion Performance
Italia Brand Cheese
Steve's & Ed's
Shamrock Cookies
Sabritores
Georgia Reds
Turbos
Fat West Meats
La Petite France Bakery
SportsResearch
Cake Boss
Di Amante
Sashimi Si[erfrozen
LPP
Mr. Yoshida's
Green Pearls
Estrella Food Products Inc.
Black Pearls
Southern Homestyle
Krunchers!
Lay's
Naturally More
Inspired Cuisine
Supro
World Classics
Mary's Pinata House
Al Fresco
Patsy's
Vienna
Jones Dairy Farm
Hydrive Energy
Core Power
Rumba
Harrell Nut Company
Proud D Foods
Hartleys
Rinaldo's Organic
Ideal
Biotta
Sharkies
Coconut Secret
Crave Busters
Emergen-C
Wolf Brand
Italica
Country Life
Biochem
Buried Treasure
Success
Bruce's
Snack & Slim
Gonsalves
Source Naturals
St. Regis
From Gramma's Kitchen
Queen City Sausage
Cedrinca
SugarTwin
Spectrum Essentials
Earths Best
Morton
DAB
White Wave
Kosher Noshes
Buzzn Bee Farm
Liquid Ninja
MIO Sports Nutrition
Madras Lentils
Delicias de Michoacan
Hager Pharma
Omegaflo
Krogger
Nutraplex
Organic Certifiers
Mrs. Annie's
Senor Pepe's
Michael's Best
Biaswell's
Royal Quinoa
Bistan Bakery
Sweety Ice Cream
Leila Bay Trading Co.
Palmetto Farm
Dragon Chuka Soba
Vineyard Market
Petaluma Creamery
Cow & Mill
Fiber Well
KLN`
Iowa Fresh
Mother's Kitchen
Tribe Swirl
Alkame Water
Protein Up
Fitlife Foods
L.A. Creamery
Pitmasters Barbecue
Nutrimeal
River Fresh
Thatcher's San Francisco
The Salsa Works
Tropik Splash
Elixir MRE
Fruit Fizzers
Idaho Pacific
Five Star Turkey Jerky
Fresh from the Bakery
Hallet's
Howing Hills Creamery
Trident Layers
Our Georgia Best Brand
Aminogen
Cavalla
Santo Stefano
ProFight
Core Natural
Ontario Natural Food Co-op
Lorenzo's
Tony Sfeir's
Nouvelle Boulangerie
Nancy Anne Bakery
Shirriff
Co-Op Centsibles
Bakestone Brothers
Reid's Dairy
London Gourmet
Homade Chili Sauce
Mariquitas
Tootsie Fruit Rolls
Kodiak Syrup
Camporio
Carver's Choice
Eat-More
Tom Tucker
Society Hill Snacks
Bliss Gourmet Foods
Thin Slim Foods
Camila's
1st International Health Foods
MuclePharm
Towne Club
Intercourse Canning Company
Grain 4
Liqua Cel
Chimex Seeds Roots & Herbs
Annie;s Homegrown
Kimura
T'n'T Bakery
Starbrust
Straub
D'anafria
Nutrition Now
Charmant Brie
Rosetta's Kitchen
The New England Muffin Company
Expo Fresh
Physique Enhancing
Country Club Dairy
Remke
G-Force
Billy's
Quick 'n Easy Combos
Koala
Maltesers
Bear Paws
Gray Ridge
Avalon
Maryland
La Recolte de St Methode
Oebel
Anutra Grain
Albert Bartlett
Garden Veggie Straws
Beekman 1802
Verve
Alpsnack
New Lifestyle Diet
Chumpies
H&H
McClure's
Bulle Nutrition
Brandini Toffee
Caza Mezze
Chef Select
Purdy's
Quality Food Centers
Country Dairy
Glucerne
Nestle Black Magic
Welby Health
Ubr
Labatt Blue
b'Drizzled
Deseret
Celebration by Sweet Works
Patz
Whetsone Valley Preserves
Zap!
Bus Jam Shoppe
Reli On
Ohanyan's
Wellness Weighs
Mill Creek
Uni-Pak Supply
Activz
Premium Select
Spirulina Pacifica
Something Sweet Without Wheat
Uncle Si's
Optimum Health Nutrition
PR Bar
Pure Palm
Blenditup
NoDoz
Hauke Honey
Mrs Leeper's
Moss
Sweet Sue
Roxy
Great River Organic Milling
Yogavive
Lets Do Organics
Kar's
Fiordifrutta
Gem
Manasul
Exquisita
Bernard's Brand
Last Minute Gourmet
The Original Celebrity Juice Diet
Java Monster
Emerald Valley Kitchen
Eight Ball
PR Powder
Potstickers by Amy
Fearn
King Syrup
SunFresh
Sierra Mist
Guers Tumbling Run Dairy
Finest
Weyauwega
Verole
El Centroamericano
Country Crock
Snak Stop
KC Cattle Company
Caffe D'Amore
After Eight
100 Grand
Carlos V
Nestle Crunch
Sno-Caps
Cerelac
Mother's Choice
Barsotti Family Juice Company
Gordon's Chesapeake
Ruffles
J Lee Roys
Fritos
Smartfood
Miss Vickies
Sun Snacks
Flat Earth
Spitz
South Louisiana Cooking
Flavor Destinations
Move Over Butter
Neva Betta
Pork Barrel
Joe's Inn
Granforno
Honest Earth
Nascar
Heidi's
Snak Favorites
Cap'N Crunch
Quisp
King Vitaman
Crunchy Corn Bran
Cocoa Blasts
FruiTangy Ohs
Sandies
Honey Dipps
Chips Deluxe
Droxies
Harvest Bakery
Taylor
Saag's Natural
Annese
Chocolate Ibarra
American Heritage
Wildwood Organic
Wildwood Organics
Craisins
Rudi's Organic Bakery
Fortt's
SoyJoy
Paramount
Hill Meat Company
Bavarian Bakery
Dal Raccolto
Wright's Farm Restaurant
Dee Amore
Olde Style
Olde Tyme
San Giorgio
Light' n Fluffy
Nutcracker
Pepper Works
China Cola
Kit Kat
Rolo
Swoops
Wild Wheat Bakery
Bread Garden
World Direct
Golden Valley Natural
Wallace's
Pierce Chicken
Bergin Fruit and Nut Company
Dippers
Sportman's Warehouse
Wisconsin Maid
Natural Brands
Cheese Pleasers
Dex4
Misto
Wellness Bites
The Sticky Toffee Pudding Co.
Schwab Meat
Marshmallow Munchie
Way Out West
Dungog Barrington Bakery
Gourmet Village
Basa-Nova
J&J Snack Foods
Pacific Mountain Farms
Georgia Greens
Natural Snacks
Richwood Meat Company
Rolling Hills Selection
Les Biscuits Debeukelaer
Ma Baensch
Lili O'Brien's
The Grizzly Paw
Simply-To Go
Community Markets
Orange Reviver
Vitasoy Tea
Samurai
Louisiana Gem
Deborah Kaye's
Grady's
Humanscale
Global Berry Farms
Tedeschi Select
Everything & More
Shake To Go
Schulte
La Fernandiere
Foojoy
O'Sole Mio
Quality Dairy
Deebee's
Dipin
Mega One Meals
Tony Wu
Morgan's Magnifico
Bumble Bee Brand
Disney Star Wars
Jack Tamales
Heart Smart
Natural Stacks
Emily's Table
Fruiti Pops
Nutpods
Bom Petisco
Vander Mill
Deal Shake
MexiWraps
Dryck Blabar
Cytosport Monster Series
Sattwa Chai
Springtime Ice
MagicTime
Reddy Raw
Gu Energy Chews
Briggs Maples
Angus Steak Burgers
Brioche Pasquier
La tradition du pain
Lakewood Basics
McVite's
Vince & Joe's
Hog Wild
Farmland Fresh Dairies
Full Tilt Ice Cream
Wha Ou!
Liquid Nitro
Fabrica de Pan Mardel
Living Nutz
La Colonial
Pro Fight Supplements
Lian How Brand
Hitov
Revonah
Synchro
Super Stars
V. Sattui Winery
Cookies Claudia
This is Really Great!
Smokehouse Jerky Co
Reggae Jammin
Stump's
UB Super
Pinehill
Old Fashioned Bagels
My-Tho
Gokujou
Domna's Bakery
Shakti Chapati
La Paz
Unistar
Cytofuse
Tank's Meats INC
Easy Pasta
American's Best
Naturnique
Lovers
Luvu2
8th & Vine St Bakery
Fjord Dawn
Krazy Kraut
Good Nature Food
Main Jams & Jellies Inc
Shaw's Market Fresh
Member Selection
BallPark
Big Rick's
Scripture Tea
Frio
Liftoff
Rich Chocolate
Dolla Vita
Nina Salvaggio
Salumi Artigianali
Berky
Koka
Akara
Ranchi Markets
The Popcorn People
Lupita's
Shibuya Group
Choley Bhatura
Pizzeria Style
Larry The Cable Guy Git-R-Done Grub
Trade Routes A Traditional Bakery
Bona Dea
Chico's Pico
Ye Olde Pepper Companie
Axe Naturals
Double  K Popcorn
Wholesome!
Meadowvale
Southern Mills
Graves
Little Dutch Boy Bakery
Bread City
Mountain Farms
Crockett's Honey
Curtis
Hunkey Dore
Taste of Tony's
Bachman Kidzels
Isagenix
Qunol
Stemilt
Proti Square
Neese's
Naturally Organic
Alfredo Aiello
Ocean Rich
Seafood Made Simple
French Country
H-E-B Blendables
Pink Energy
Seagram's Escapes
Versana
Biggy Iggy
World of Chia
Old Delray Baking Co.
Kyukappa
Red Road Buffalo
Holly's
The Higher Taste
Ann Marie's Bakery
Kings Pita
Mill River Winery
Tomorrow's Organics
Three Elephant Brand
Bee Natural Honey
Sarap
Dr. Prager's
Crown Naturals
Yaki Sushi Nori
Smiths
Cajun Land
Among Friends
Asian Classic Seafood
Pea Protein
The Depot
Koriyama's
Vinefresh
Rasos
Paul Sorvino Foods
Pomi
The Mayor's Own
AlsoSalt
Burton's Barbeque
Chez Jane
Great Garlic
Sabor Rojo
Spice Pride
Todd's Dirt
Griffins
Herbapol
Midwest Country Fair
Harris
Olbas
Yamama Masudaen
XtraGreen
Del Fuerte
Golden Farms
Kruegermann
Roseli
Truitt Brothers
Tendersweet
Walmart
Tropical Fantasy
Fruyo
Unique
Ajishima Foods
Majestic
Blue Diamond Almonds
Faygo Dee-licious
Orbit White
County Bob's
Trappist Preserves
New Planet Organics
Newman's Own Organics The Second Generation
Lakota
New England Coffee
Duerr's
Veneto's
Aunt Jane's
Wet Marinade
Smucker's Orchard's Finest
Tree Sweet
Nestle Nesquik
Torrefazione Italia
Spice Hunter
California Sun Dry
Caf&201 Pilon
Plant  Fusion
Nature's Promise Organics
Nuworld
Simply Nature Organic
Greenseas
The King's Bread
Trapper's Choice
Beveri
Live Free
Fresh Garden Highway
Evoke
Jay J Garcia MD
67th Street BBQ
Hola Nola
Tesco Everyday Value
Snow Fox
Nature's Agave
Gluck
Hawaiian Select
Old Kentucky Chocolates
Harley Davidson Road House
TJ Farms Select
StandardBar
The Sneaky Chef
Sweet Mate
Pickle Me Dilley
Signature Sweets
Christie Oreo
Rainbow Seafood Company
Los Angeles Salad Company
Bold Rock
Darling Clementines
Whole Alternatives
Healthy Fresh Produce
MiRancho
Cook's Everyday Cuts
Anova
Mibo
DQ
Quest Nutrition
Bob Evans Taste of the Farm
Nativas Naturals
Cedar Canyon
Triple J Produce
Mariani Premium
Dodoni
Dr McDougall's Right Foods
Super Fruits Plus
Buzz Strong's Bakery
Pejoy
Oscar Mayer Bacon
Produce Select
Teresa
Tom & Ted's Hickory Brand
Yoga Organics
Field's
Orchard Bar
Original Rangoon Company
Libby's Jumbo-Cans
Chinet
Alpino Brand
Sea Friends 21
Deluxe
GiorgioPennsylvania Dutchman
Grandma Maud's
Otter Pops
Popeye Fresh
Bell'orto
Da Vinci Gourmet
Blue Ribbon Orchard Choice
Hanover Country Fresh Classics
Tenda Bake
Crest Top
Gw
Tamanishiki
Siler's Select
Albuquerque TortillaTm
Pepito
Honey Tree's
Casserole
Sweet 10
Great Lakes
Thrifty Bee
Big Chief
California Rose
Womens Bean Project
Illinoy Toy Co.
Hikari Miso
Vics
Chef's Premium Rice
6 In 1
Harvest Select
3-Hour Diet
Nutrament
Golden Grain Mission
Jeffs Naturals
Odyssey
Lima
Greenline
Lucks
Apiarios Carabello Corp.
Perfect Balance Trail Mix
Wild Man Ricing
Lifeway Organic
Kouzini
Healthy Shot
Sunny Crunch
Kellogg's Mini Wheats
Egoz
Rambling Route
Cucharita Rica
Zum XR
Liqui Fruit
Aquadopa
Chefusion
Tree Brand Maple
Lpfthouse
Journey to...
Na Gro
Love's Hawaii's Hearth
Focus Snacks
SeaWatch International
Sosi's
Kee Wah
Norden
Sizzle Strips
Carb Essentials
Butcher Van Gourmet
Spring Hill Jersey Cheese
Blink
Middlefield Original Cheese
Shaktea
O-G Nut Company
The Flying Meatballs
The Good Cookies & Beyond
Rockin' Ola
Franklin's
B Up
Orchard Pure
Peregrino Gourmet Selection
Dixie Diners' Club
Made By Lukas
Tandoori Nan
Babies R Us
John Conti Gourmet Coffee
Kelley Belle's Kitchen
Lofthouse's
La Ranchero
Zein's Cuisine
Kieke's
Whole Grain Helper
Bisquick
XtraHealth
Kraft Dinners
Parco
Weaver
Tom Tom
Black Forest Girl
Bauer
Sarangani Bay
Chukar Cherries
Vermont Butter & Cheese Creamery
Chaona
Natural
King for the Day
Penrose
Uti-Stat
Grainaissance
Keoki's
Poon Goar Soa
Mayan Sweets
Devon Cream
Neeras
Costamar
Dr. Murray Natural Living
La Pina
Sweet Tree
Vegemite
Paulaner
Malta Corona
Primrose
Mt Olive
Coppenrath
Edy's
Goldie's Premium
GG
Milk Duds
Sour Dudes
Good & Plenty
Zooop
Sol
West Indies Spice Co.
Fred Meyer
Simple Truth Organic
Brummel & Brown
Sunny Valley
Hapi Snacks
Hakubaku
ShurFine
Mrs Pauls
Taste of The Season
Jana's
Lolitos
Elie's
Punjab King
Nando's Peri-Peri Grocery
Ten Acre
Panther
Heater Meal Ex
Gillespie's
Mtn Dew Call of Duty
Delite Bakery
San Pablo
Suji's Korean Cuisine
Winston's
Pan-Asia Fresh
Augusta Brand
Chicken Chipotle
Hananaford
Olivitaly
Eef
Sano's
Agri Cultured
H-E-B Meal Simple
Salisbury
Two Friends Baking Co.
Marn Chocolate Favorites
Bab Al-Hind
Toast'em Pop-ups
Buen Provecho
Performix Ion
Huckleberry Mountain
Willy Wonka
Sanjeevani Organics
Life Bake
Wildcat Mountain
Duchessa Carlotta
Coricos
Green's Home Style
TExpress Gourmet
Nainamd
York St. Market
Nestle Hot Pockets
BuzzBar
Han Kuk Mi
Chinook Seedery
Healthforce Superfoods
Cormier's Gold
Russ's Market
Sherpa Chai
Gatorade G Series
Pake-Taxo
Just Hemp Foods
Icee Zero
Talbott Farms
100% Mexicano
Cafes
Sunset Salsa
Mountain Fresh Candies
Consulate
Shop Rite Kitchen
Nutrorious
La Cosentina
Scarlotta Seedless
Coffee Joy
Daily Harvest
Onquina
Nemo's
Firmin Bouvard
Kikka
Better Way
Simply Fresh Snacks
Little Green Cyclo
Friske Orchards
Ubervita X500
Vande Walle's
Ag Standard
Garcia's Kitchen
Bingo!
Demetri's
Adrien Gagnon
Republic Spirit Blends
Milk Wise
Alive & Healing
Gold Harbor
Kim's Gourmet
Keurig Hot
Norcia Bakery
Veggie Drizzle
Wegman's Italian Classics
Whisps
W.F. Crisp
Bakarwadi
Diep Indian Gourmet
Sunshine Protein
Koog
Deccan
Deep Best Quality
Stacy's Pita Chips
Sanabel Bakery Grocery
TFF
Fast Clinical Weight Loss
Caribbean Dreams
Pork Clouds
Quick Strike
McCaffrey's
Longhini
Oakes Farms
Olive Valley
Rusty's Island Chips
Texas Brew
Crank Sports
ID Life
Footy's
La Jama
Simply Naturelle
Forest River Eggs
Murray's
SF Markets
KFD
Misionaro Vegetables
Toffee Break
Pioneer Valley
Helster Candies
Optipro
Q Drinks
Fattorie Giacobazzi
Patsy Pie
Kitchen Accomplice
Mrs H.S. Ball's
MedTeam Weight Loss
Garden Life
Wendel's Specialty Breads
Gertie's
Amano
The Fiber 35 Diet
Just Popped!
Thai Lokass
La Francaise Bakery
Leelanau Fruit Co.
Whitehall Specialties
Hillside Harvest
Cara Cara
Jade Monk
Lobico
Fran's
Hansen Brothers Snacks
Johnson's Popcorn
NY Snacks
Fritzie's Bake Shop
Bianca's
Royal Chocolates
Essential Eating
Green Smoothie Girl
Casal Domingo
Karanagh's
Mama Bosso
Mazel Cafe
Texas Squeeze
All Natural Food
Miyasaka
Troyer Cheese Company
The Wild Pea
Newton's Folly
The Nut Man
Lecheek Nutrition
Anny's Bread Factory
The Steel Brewing Company
First Endurance
Morning Sunshine
Total Tea
Boston Baking
La Gloria
Menu Bleu
Watonga Cheese Factory
Fat Mama's
Veg-A-Fed
Dan T's Inferno
XP2
Hanasia
Nature to Go Jerky Trail
Servatii
Quik Tea
Granadaisa
Maddad Bakery
Thera Breath
Culinary Champions
Health Direct
Hwa Ramyun
Hilltop Gardens, LLC
Naked PB
Soivation
Trade Fair
Quixotic Farming
Moondance Desserts
Smart Soup
JList Jane
Perfect Gems
The Cookie Connection
Kuzera's Bakery
Laish Products
Balance
Boost Plus
NutriBiotic
Oat-Rageous
Pria
Tiger's Milk
Art's
Bigs
City Snacks
Fazenda
Heritage Gourmet
Jumbo
Louisville Slugger
Nut Land
Patriot's Choice
Philippine Brand
Riverdale Fine Foods
Smithfield Tavern
Sun Pride
The Green Valley Pecan Co.
Euro Supreme
Pam
Tuscan Sun
Tofu Shop Specialty Foods
Wallaby
Baby Star
Aunty Mailes
East West
Golden Bowl
Japanese Delight
Kewpie
Mitsukan
Ninben
Pacific Isles
Shelly Senbei
Seal Sama
Tamaki Gold
Tips
Unif
Anthonys
Darielle
Eko-Mak
Herrmann
Kaboodles
New Mill
Patsys
Rizopia
Nob Hill
Branch Ranch
Exceptional Value
Harolds
Mezzini
Polan
Zergut
Chef Boyardee
Dennison's
La Briute
Paxo
Picnic
Stagg Chili
Del's
Olivia's Organics
1st National Bagel Company
Bolthouse Do Brasil
Citrus Squeeze
Peoples Dairy
Co-Op Elevator
Aunt Hannah
Blue Bird Bakeries
Cafe W
Emil Reimann GmbH
Home Run Pie
Hadley's Hometown Bakery
MoonPie
Luna Rossa
Mrs. Dunsters
The Classic Cafe Muffin
Selma's
Tesortitos
All Star Gourmet
Charles Chips
Chuk's
Chio
Door County
Festive Selections
Fruit Parade
H.K. Anderson
Have'A
Indies
J.R.
Kettle Cornucopia
Magic Time
Natural Planet
O'Coco's
Orion Foods
Popcorn, Indiana
Pretzel Flipz
Si Senor
Stone Creek Bakers
T.G.I Friday's
Uncle Henry's
Yogurt Flipz
Purple Cow
Big Bamboo
Coke
Supreme Choice
Pro-M.R.
Kernel Seasons
Flathead Lake
Frostop
Irish Moss
Olde Brooklyn
Purple Stuff
Shasta Shortz
Tommyknocker
Whiteway's
Comida Loca
CelifibR
FungusAmongUs
Kitchen Dancer
Mejor Que Caldo
Pacific Foods
Catanzaro's
LE Roselli's
Green Mill Restaurant and Bar
Palmieri
Ristorante Cafe Cortina
Stonehouse 27
Cuginos
Heritage Fare
Misty's
Porta Mangiare
Sebastiano's Cucina
IHOP Grocery
Spring Tree
Cannone
Manning's
Smak
H.T. Traders
NAN
ReVital
Comfort Cake
Iveta Gourmet
Natural Feast
Nellie Gavins
Sport Fishing With Dan Hernandez
The Shropshire Spice Company
Arnold Palmer
Artic Splash
SBK Holdings USA
Atlas Bay
Silver Dollar City
100 Bowls of Soup
Castelvetere
Tascosa
Maritime Grown
Nutra-Fig
M&M Bakery
Green Vitae Essence
Chris' Fresh Eggs
Fresh Bake Shop
Noodle King
Fit Snacks
Three Bears Alaska
Shaw's Supermarkets
Weis Hanover
Seafood Simple
Evolv Health
Aryzta LLC
Lambs Farm
Mayer Bros Fine Beverages
Red Velvet Oreo
Rayge Candy Co.
Hormel Pantry
Creative Fresh Foods
Munch with Martin's
VitaCraves
Raymundos
Selectos
Senor Edmond's
Guiding Stars
Pane Fresco
B Cured
Snowfox
8 Mate
Cloetta
Nabisco  BelVita
Keebler Simply Made
Aqua Nova
Cleveland Bean Sprouts
Henry's Hard Soda
Smith's Punch
Soleil
Hollywood Bakery
Premier Protien
Legumes Plus
Delimaiz
Smocker's
Vitagize
Neal Brothers Foods
Giogrio
1Up Whey
Bear Trax
Best Health's
Salad Sensations
Go Chews
Full-Fill Foods
230
Bongo
Classico Riserva
Swanson Certified Organic
Liv Culrured
Krema's
Mama's Cooking
Divella
Captain Bob's
Lompoe Tortilla Shop
Happy Square
Famous Bob's
More Than Fair
The Bright Cheese House
Pokka
Caribas
Andres
Vande Bunte's
Schuster Meat
Hallmark Farms
Protein Milk Shake
U Fit Meals
Passport
Bee Gee's
Monkey Crisp
Rio Viejo
Sweet Nuttin's
The Little Milk Co.
Chex Mix and Bugles
Steve's Back Room
Elmhurst Harvest
Lorissa's Kitchen
Bertman Original
SoyNuts
Los Corrals
PnP
Ensure Enlive
Rip-L
Danone Yo Crunch
Labaneh
East Side Marios
Kenz Henz
