afghan
african
ethiopian
american
asian
burmese
cambodian
chinese
anhui
beijing
cantonese
aristocrat
breakfast
dim sum
dongbei
fujian
guizhou
hainan
hakka
henan
hong kong
huaiyang
hubei
hunan
imperial
jiangsu
jiangxi
macanese
manchu
peking duck
shaanxi
shandong
shanghai
shanxi
szechuan
taiwanese
tianjin
xinjiang
yunnan
zhejiang
filipino
himalayan
hotpot
indonesian
acehnese
balinese
betawinese
meatball
javanese
manadonese
padangnese
sundanese
japanese
donburi
curry
kaiseki
kushikatsu
monjayaki
nabe
okonomiyaki
ramen
shabu-shabu
soba
sukiyaki
sushi
takoyaki
tempura
tonkatsu
udon
unagi
wagashi
yakitori
yoshoku
korean
bossam
jokbal
bunsik
gukbap
janguh
samgyetang
malay
mongolian
noodle
satay
thai
som tum
tibetan
vietnamese
australian
austrian
bbq
bagel
bakery
belgian
bistro
bubble tea
buffet
burger$
cafeteria
café
cajun
creole
caribbean
cuban
caucasian
coffee
comfort food
creperie
czech
deli
bodega
dessert
cupcake
frozen yogurt
ice cream
pastry
pie
diner
donut
dumpling
dutch
eastern european
belarusian
bulgarian
romanian
tatar
english
falafel
fast food
fish & chips
fondue
food court
food stand
food truck
french
alsatian
auvergne
basque
brasserie
breton
burgundian
catalan
ch'ti
corsican
estaminet
labour canteen
lyonese bouchon
norman
provençal
savoyard
southwestern french
fried chicken
friterie
gastropub
german
apple wine pub
bavarian
bratwurst
currywurst
franconian
german pop-up
palatine
rhenisch
schnitzel
silesian
swabian
gluten-free
greek
bougatsa
cretan
fish taverna
grilled meat
kafenio
magirio
meze
modern greek
ouzeri
patsa
souvlaki
taverna
tsipouro
halal
hawaiian
hot dog
hungarian
indian
andhra
awadhi
bengali
chaat
chettinad
dhaba
dosa
goan
gujarati
hyderabadi
irani cafe
jain
karnataka
kerala
maharashtrian
mughlai
parsi
punjabi
rajasthani
udupi
irish pub
italian
abruzzo
agriturismo
aosta
basilicata
calabria
campanian
emilia
friuli
ligurian
lombard
malga
marche
molise
piadineria
piedmontese
puglia
romagna
roman
sardinian
sicilian
south tyrolean
trattoria
osteria
trentino
tuscan
umbrian
veneto
jewish
kosher
juice bar
kebab
latin american
arepa
empanada
salvadoran
south american
argentinian
brazilian
acai house
baiano
churrascaria
empada house
goiano
mineiro
pastelaria
tapiocaria
peruvian
venezuelan
mac & cheese joint
mediterranean
moroccan
mexican
burrito
taco
tex-mex
yucatecan
middle eastern
israeli
kurdish
persian
tabbakhi
modern european
molecular gastronomy
pakistani
pet café
pizza
polish
portuguese
poutine
russian
blini house
pelmeni house
salad
sandwich
scandinavian
scottish
seafood
slovak
snack
soup
southern$
soul food
spanish
paella
tapas
sri lankan
steakhouse
swiss
tea room
theme
truck stop
turkish
borek
cigkofte
doner
gozleme
kofte
kokoreç
kumpir
kumru
manti
meyhane
pide
tantuni
turkish coffeehouse
turkish home cooking
ukrainian
varenyky restaurant
west-ukrainian
vegetarian
vegan
wings joint
