16 handles
abby's
american deli
amici's
anderson's
andy's
anthony's
applebee's
arby's
asian chao
au bon pain
auntie anne's
austin's
bahama breeze
baja fresh
baker's
barbacoa
bareburger
benihana
bertucci's
bj's
black angus steakhouse
blake's
blaze pizza
blimpie
boardwalk fresh 
bob's
bobby's
bojangles'
bonchon
bonefish grill
bono's
breadsmith
brown bag
brown's
bruegger's
buffalo wild wings
buffets
buona
burger king
burgerfi
cafe metro
california pizza kitchen
california tortilla
carl's
carvel
cava grill
champps
charley's
cheeburger cheeburger
chester's
chevys fresh mex
chick-fil-a
chicken express
chicken shack
chickpea
chili's
chinese gourmet express
chipotle
chop't
chuck e. cheese's
church's
cinnabon
coco's
coffee beanery
cold stone creamery
cook out
corner bakery cafe
cosi
costco food court
country kitchen
cousin's
dairy queen
daphne's
del taco
denny's
dickey's
domino's
donatos
dunkin' donuts
earls
edo japan
einstein bros. bagels
el pollo loco
fields good chicken
five guys
flavors nyc
foster's
fox's
freshens
friendly's
fuddruckers
gandolfo's
garbanzo
gigi cafe
giovanni's
godfather's
golden krust caribbean bakery & grill
goodcents
green beans coffee
ground round
hardee's
hooters
houlihan's
ihop
isaac's
j. gumbo's
jack in the box
jack's
jamba juice
jason's
jerry's
jersey mike's
jimmy john's
jimmy's
joe's
joey's
johnny rockets
just salad
kahala coffee traders
kfc
king taco
krispy kreme
krystal
lamar's
larry's
lee's
lenny's
lion's
little caesars pizza
long john silver's
longhorn steakhouse
maggiano's
maggiemoo's
manchu wok
manhattan bagel
manila
marco's
margaritaville
mary's
mcdonald's
menchie's
mike's
miller's
mimi's
moe's
mooyah
mrs. fields
muscle maker 
nando's
nanoosh
nathan's
nature's
ninety nine
noah's
nrgize
olga's
olive garden
on the border
orange leaf frozen yogurt
original joe's
outback steakhouse
pal's
panda express
panera bread
papa john's
papa's
pasha's
pepe's
philly's
pinkberry
pita pit
pizza factory
pizza hut
pizza nova
pizza pro
pizza studio
pj's
planet smoothie
pollo campero
pollo tropical
popeye's
potbelly
pretzelmaker
qdoba
rally's
ram's
red lobster
red mango
rita's
romano's
rosa's
roti
roy rogers
rubio's
ruby tuesday
russo's
ryan's
saladworks
salvatore's
samurai sam's
sandella's
sbarro
schlotzsky's
shake shack
shophouse
simple simon's
sizzler
smashburger
smitty's
smoothie king
sonic
starbucks
start restaurant
subway
surf city squeeze
sweetgreen
taco bell
taco cabana
tasti d-lite
tcby
ted's
capital grille
chop house
coffee bean
counter
habit burger 
little beet
melt
perfect pita
varsity
togo's
tony roma's
tossed
tully's
uno chicago
van houtte
villa fresh italian kitchen
waba
ward's
wawa
wendy's
white castle
wienerschnitzel
wingstop
woody's
yo! sushi
yo sushi
yogurtland
zpizza
