10 cloverfield lane 
13 hours 
20,000 leagues under the sea
20th century women 
24 weeks 
6 below
a cure for wellness
a dog's purpose
a fantastic woman
a ghost story
a man called ove 
a monster calls 
airlift 
alice through the looking glass 
alien
all eyez on me
allegiant 
allied 
american assassin
american honey 
american made
annihilation
anon
anthropoid 
arise from darkness 
arrival 
assassin's creed 
at the end of the tunnel 
aynabaji 
b.o.k. 
baby driver
bairavaa
bastards
batman v superman
battle of the sexes
baywatch
beauty and the beast
before the flood 
being 17 
blade runner 2049
blind vaysha 
blood father 
blood feast 
borrowed time 
boyka
brawl in cell block 99
bridget jones's baby 
bright
brimstone 
café society 
captain america
captain fantastic 
casual encounters 
central intelligence 
clash 
coco
cold war ii 
colossal 
criminal 
dad's army 
dangal 
dark river
darkest hour
deadpool 
death note
deepwater horizon 
demolition 
denial 
department q
detour 
dhruva 
dhuruvangal pathinaaru 
dirty beautiful 
dirty grandpa 
doctor strange 
don't breathe 
don't think twice 
downsizing
dunkirk
eddie the eagle 
elle 
endless poetry 
escobar
fantastic beasts and where to find them 
fences 
fifty shades darker
finding dory 
fire at sea 
flatliners
florence foster jenkins 
free state of jones 
from a house on willow street 
geethaiyin raadhai 
get out
ghost in the shell
ghostbusters 
gifted
gleason 
god particle
godhi banna sadharana mykattu 
gods of egypt 
gold 
golden exits
golden treasure 
good time
graduation 
green room 
guardians of the galaxy
guppy 
hacksaw ridge 
hail, caesar! 
happy end
hardcore henry 
hell or high water 
hepta
hidden figures 
how to be single 
how to talk to girls at parties
hunt for the wilderpeople 
i am not a serial killer 
i am not your negro 
i'm not here
i, daniel blake 
ice age
if cats disappeared from the world 
imperium 
in the fade
independence day
inferno 
intelligent life
ismael's ghosts
it comes at night
it's only the end of the world 
italian race 
jack of the red hearts 
jack reacher
jackie 
jane wants a boyfriend 
jason bourne 
jestem morderca 
john wick
joker 
journeyman
jumanji
junction 48 
jungle
justice league
king arthur
kingsman
kirik party 
kong
kung fu panda 3 
kyanq u kriv 
la la land 
laal rang 
lady bird
land of mine 
landline
lean on pete
life
like crazy 
lion 
little men 
live by night
live by night 
logan
logan lucky
london has fallen 
looking for alaska
loserville 
loving 
luxembourg
maalik 
madaari 
manchester by the sea 
mary magdalene
mary shelley
me before you 
mechanic
mektoub is mektoub
midnight special 
miss peregrine's home for peculiar children 
miss saigon
moana 
molly's game
money monster 
moonlight 
mother
mother!
mr. church 
mudbound
murder on the orient express
mute
natsamrat 
neerja 
neighbors 2
neruda 
nerve 
nocturnal animals 
now you see me 2 
okja
operation mekong 
ostatnia rodzina 
paddington 2
paradise 
pashupati prasad 
passengers 
paterson 
patriots day 
pear cider and cigarettes 
pearl 
pelé
perfect strangers 
pink 
piper 
pirates of the caribbean
pitbull. nowe porzadki 
pitch perfect 3
planeta singli 
popstar
power rangers
pr' hostar 
queen of katwe 
race 
rama rama re 
raw 
red sparrow
redoubtable
resident evil
river 
robin hood
rock that body
rogue one 
saala khadoos 
sairat 
sarbjit 
sausage party 
second life 
septembers of shiraz 
shivaay 
silence 
sing street 
sink 
sleepless
snatched
snowden 
sold 
soldado
song to song
spider-man
spirits' homecoming 
split 
star trek beyond 
star wars
staying vertical 
storks 
stranger things 
stronger
submergence
suburbicon
suicide squad 
sully 
susie q 
suspiria
swiss army man 
t2 trainspotting
taboo
tanna 
thank you for your service
the accountant 
the age of shadows 
the autopsy of jane doe 
the bachelors
the beguiled
the bfg 
the book of henry
the boy 
the bronx bull 
the brothers grimsby 
the circle
the coldest city
the conjuring 2 
the current war
the dark tower
the day will come 
the death of stalin
the dinner
the disaster artist
the discovery
the do-over 
the duel 
the duelist 
the edge of seventeen 
the fate of the furious
the finest hours 
the florida project
the founder 
the fundamentals of caring 
the girl on the train 
the girl with all the gifts 
the glass castle
the greatest showman
the handmaiden 
the hitman's bodyguard
the huntsman
the infiltrator 
the innocents 
the jungle book 
the kidnapping of edgardo mortara
the killing of a sacred deer
the king's choice 
the last princess 
the legacy of a whitetail deer hunter
the legend of tarzan 
the lego batman movie
the lego ninjago movie
the light between oceans 
the little mermaid
the long home
the lost city of z 
the magnificent seven 
the mercy
the mountain between us
the mountain ii 
the mummy
the neon demon 
the nice guys 
the northlander 
the old man and the gun
the other me 
the other side of hope
the outsider
the purge
the racer and the jailbird
the salesman 
the secret life of pets 
the shallows 
the shape of water
the siege of jadotville 
the snowman
the something
the square
the student 
the take 
the trap
the trust 
the unnamed 
the visitors
the wailing 
the wall
the well 
the whole truth 
the woman who left 
thelma
things to come 
thor
three billboards outside ebbing, missouri
toni erdmann 
train to busan 
transformers
trolls 
tulip fever
tully
twin peaks
two lottery tickets 
under the shadow 
under the silver lake
underworld
unforgettable 
united states of love 
uno
untitled a.a. milne project
untitled buddy cianci biopic
untitled detroit project
untitled nash edgerton project
untitled neill blomkamp/alien project
untitled paul thomas anderson project
untitled woody allen project
valerian and the city of a thousand planets
viy 2
vox lux
war dogs 
war for the planet of the apes
war machine
warcraft 
whiskey tango foxtrot 
why him? 
wildlife
wilson
wind river
wolyn 
wonder woman
wonderstruck
world war z 2
x-men
xxx
yeh din ka kissa
you were never really here
your name 
zama
zhuo mi cang 
zoolander 2 
zootopia 
