Keanu Reeves
Tom Hardy
Ruby Rose
Dakota Johnson
Dan Stevens
Jamie Dornan
Teresa Palmer
Emma Stone
Rachel Keller
Chris Sullivan
Denise Richards
Jennifer Lawrence
Natalie Dormer
Amy Adams
Mena Suvari
Elizabeth Olsen
Christina Ricci
Haley Bennett
Anya Taylor-Joy
Scarlett Johansson
Kate Beckinsale
Jessica De Gouw
Amandla Stenberg
Timothy Olyphant
Margot Robbie
Alicia Vikander
Haley Lu Richardson
Anna Kendrick
Cole Sprouse
Katheryn Winnick
Leonardo DiCaprio
Hailee Steinfeld
James McAvoy
Milo Ventimiglia
Jennifer Aniston
Kelly Hu
Travis Fimmel
Rachel McAdams
Aubrey Plaza
Ryan Gosling
Scarlett Byrne
Jason Momoa
Bryce Dallas Howard
Dev Patel
Millie Bobby Brown
Mel Gibson
Emma Watson
Natalie Portman
Bonnie Wright
Jeffrey Dean Morgan
Luke Evans
Sasha Pieterse
Alexandra Daddario
Gemma Whelan
Emilia Clarke
Suki Waterhouse
Benedict Cumberbatch
Casey Affleck
Pom Klementieff
Oona Chaplin
Gal Gadot
Chris Pratt
Emily Blunt
Nick Robinson
Tom Holland
Ben Affleck
Lili Reinhart
Adrianne Palicki
Felicity Jones
Crystal Reed
Christina Hendricks
Aaron Taylor-Johnson
Cobie Smulders
Brie Larson
Tom Cruise
Johnny Depp
Alexander Ludwig
Drew Barrymore
Matt Damon
Mahershala Ali
Andrew Garfield
Brad Pitt
Rebecca Ferguson
Denzel Washington
Chrissy Metz
K.J. Apa
Shailene Woodley
Laverne Cox
Linda Cardellini
Allison Williams
Mindy Robinson
Zach McGowan
Kristen Stewart
Cameron Monaghan
Camila Mendes
Kate McKinnon
Emmy Rossum
Eva Green
Ana de Armas
Tilda Swinton
Karen Gillan
Lara Pulver
Marion Cotillard
Morgan Fairchild
Melissa Benoist
Rosamund Pike
Doris Morgado
Hilarie Burton
Michelle Monaghan
Chloë Grace Moretz
Inbar Lavi
Tom Hanks
Charlie Hunnam
Morena Baccarin
Janelle Monáe
Lauren Cohan
Zoey Deutch
Jake Gyllenhaal
Stefanie Martini
M. Night Shyamalan
Jessica Chastain
Rose Leslie
Christian Serratos
Mandy Moore
Jane Seymour
Mary Elizabeth Winstead
Olivia Taylor Dudley
Natalie Martinez
Jared Leto
Nina Dobrev
Britt Robertson
Allie Grant
Evan Rachel Wood
Auli'i Cravalho
Matthew McConaughey
Dwayne Johnson
Nicole Kidman
Liv Hewson
Riz Ahmed
Skyler Gisondo
Katie McGrath
Joseph Gordon-Levitt
Katherine Heigl
Rooney Mara
Dane DeHaan
Blake Lively
Michael Fassbender
Sarah Lancaster
Olivia Munn
Melissa McCarthy
Emily Ratajkowski
Kate Mara
Elle Fanning
Mädchen Amick
Matt Reeves
Will Smith
Kaitlin Olson
Keira Knightley
Tian Jing
Lady Gaga
Elizabeth Banks
Rosario Dawson
Jenna Coleman
Tom Hiddleston
Dafne Keen
Christian Bale
Milla Jovovich
Kim Basinger
Sarah Wynter
Chad Stahelski
Hugh Jackman
Mark Wahlberg
Sofia Black-D'Elia
Lily Collins
Isla Fisher
Quentin Tarantino
Clint Eastwood
Malin Akerman
Justin Chatwin
Tom Hughes
Gemma Arterton
Chris Hemsworth
Dakota Fanning
Julia Stiles
Freddie Highmore
Lee Pace
Josh Brolin
Jennifer Connelly
Winona Ryder
Dan Levy
Jim Carrey
Ryan Reynolds
Robert Downey Jr.
Eric Johnson
Christine Baranski
Natalia Dyer
Kelly Carlson
Daisy Ridley
Tara Holt
Ewan McGregor
Will Arnett
Charlize Theron
Molly Ringwald
Sarah Paulson
Gemma Chan
Ariel Winter
Brit Marling
Malina Weissman
Alycia Debnam-Carey
Ella Purnell
Julia Ling
Sarah Clarke
Chris Evans
Will Ferrell
Zoe Saldana
Clayne Crawford
Alison Brie
Taron Egerton
Abigail Spencer
Bruce Willis
Sofia Boutella
Asa Butterfield
Matt Bomer
Nicolas Cage
James Franco
Renée Zellweger
Cillian Murphy
Zooey Deschanel
Vanessa Hudgens
Michelle Williams
Adam Driver
Arnold Schwarzenegger
Emily Browning
Harrison Ford
Mila Kunis
Alexander Skarsgård
Jenny Slate
Vin Diesel
Carla Gugino
Idris Elba
Norman Reedus
Jeff Bridges
Zoë Kravitz
Lacey Chabert
Alexandra Breckenridge
Jessica Sula
Mia Goth
Emma Roberts
Tyler Hoechlin
Marie Avgeropoulos
Sienna Guillory
Kirsten Dunst
Boyd Holbrook
Sandra Bullock
Anne Hathaway
Eddie Redmayne
Chris Pine
Kate Winslet
Ashley Johnson
Nicola Peltz
Viola Davis
Damien Chazelle
Alice Eve
Maggie Siff
Reese Witherspoon
Riley Keough
Henry Cavill
Chris Wood
Eliza Taylor
Justin Hartley
Stephanie Leonidas
Lizzy Caplan
Christopher Mintz-Plasse
Jeremy Renner
Jennifer Jason Leigh
Bridget Regan
Amelia Warner
Hayley Atwell
Jessie Buckley
Jordana Brewster
Jane Levy
Bridget Moynahan
JoAnna Garcia Swisher
Mads Mikkelsen
Tara Strong
Meryl Streep
Wentworth Miller
Taylor Lautner
Jessica Parker Kennedy
Sarah Hyland
Natalie Zea
Danika Yarosh
Simon Pegg
Kelly Macdonald
Liam Neeson
Bryan Cranston
Megan Fox
Isabel Lucas
Eiza González
Jonathan Rhys Meyers
Sam Claflin
Alexis Bledel
Amber Heard
Sterling K. Brown
Sylvester Stallone
Haley Pullos
John Travolta
Franka Potente
Abraham Benrubi
Daisy Head
Melora Hardin
Cate Blanchett
Kaya Scodelario
Denis Villeneuve
Jaimie Alexander
Angelina Jolie
Neal McDonough
Christopher Nolan
Emily Hampshire
Ralph Fiennes
Sarah Habel
Jeremy Allen White
Kristen Wiig
Vera Farmiga
Lili Simmons
Ian McShane
Oliver Jackson-Cohen
Cara Delevingne
Olivia Wilde
Sian Brooke
Alex Meneses
Caitlin Stasey
Robin Wright
Adam Sandler
Kristen Dalton
Adria Arjona
Claire Foy
Sophie Turner
Lily James
Susan Oliver
Analeigh Tipton
Jessica Biel
Cassidy Freeman
Luke Bracey
Rufus Sewell
Michael Sheen
Alec Baldwin
Damian Lewis
Lyndsy Fonseca
Justin Theroux
Richard Hatch
Carrie-Anne Moss
Viggo Mortensen
Rachel Weisz
Ruth Wilson
Channing Tatum
Vincent D'Onofrio
Evangeline Lilly
Theo James
Robert De Niro
Monica Bellucci
Kate Hudson
Jason Statham
Jean Smart
Jennifer Grey
Michelle Pfeiffer
George Clooney
Daniel Radcliffe
Daniel Day-Lewis
Zac Efron
Greer Grammer
Bella Heathcote
Sunny Pawar
Mallory Jansen
Katee Sackhoff
Miles Teller
Ben Foster
Milana Vayntrub
Maisie Williams
Portia de Rossi
Kaley Cuoco
Milo Gibson
Gerard Butler
Maggie Grace
Martin Scorsese
Rose Byrne
Tristin Mays
Ethan Cutkosky
Laura Prepon
Elisha Cuthbert
Sheridan Smith
Madelaine Petsch
Nicholas Hoult
Jude Law
Deepika Padukone
Alex Høgh Andersen
Katherine McNamara
Robert Pattinson
Danielle Panabaker
Rachel Blanchard
Rhona Mitra
Thandie Newton
Imogen Poots
Lena Dunham
Julia Roberts
Julie Benz
Priyanka Chopra
Mary Elizabeth Ellis
Clara Paget
Noel Fisher
Sebastian Stan
Ana Ularu
Sam Worthington
Meghan Markle
Naomie Harris
Taraji P. Henson
Danai Gurira
Corey Hawkins
Dylan O'Brien
Scott Eastwood
Heath Ledger
Charlotte Riley
Elizabeth Debicki
Andrew Lincoln
Steven Spielberg
Bradley Cooper
Ali Larter
Gina Carano
Sam Heughan
Thomas Lennon
Naomi Watts
Jason Isaacs
Lena Headey
Katie Cassidy
Tom Ford
Claire Forlani
Jonah Hill
Shia LaBeouf
Rene Russo
Juno Temple
Katy Mixon
Marisa Tomei
Ryan Hurst
Burt Reynolds
Sarah Wayne Callies
Brendan Fraser
Lochlyn Munro
Danielle Nicolet
Jack Nicholson
Abigail Breslin
Hugo Weaving
Yvonne Strahovski
Brooke D'Orsay
Michael Shannon
Gugu Mbatha-Raw
Vanessa Grimaldi
Joel Edgerton
Elisabeth Röhm
Samuel L. Jackson
Giovanni Ribisi
Mireille Enos
Famke Janssen
Kevin Costner
Jeri Ryan
Léa Seydoux
Ezra Miller
Penélope Cruz
James Spader
AnnaSophia Robb
Daniel Craig
Julianne Hough
Emily Bett Rickards
Rachael Taylor
Amy Smart
Amber Midthunder
Claire Danes
Alan Tudyk
Meg Ryan
Helena Bonham Carter
Ian Somerhalder
Aaron Paul
Noomi Rapace
Thomas Brodie-Sangster
Elisabeth Shue
Edgar Ramírez
Stella Maeve
Gaten Matarazzo
River Phoenix
Jon Bernthal
Al Pacino
Justin Timberlake
Anthony Hopkins
Vanessa Kirby
Jemaine Clement
Steve Howey
Paula Patton
John Krasinski
Mara Wilson
Dave Bautista