1.	John Wick: Chapter 2	2017	Feature	Rate	8.5	22,400	1 month ago
2.	Guardians of the Galaxy Vol. 2	2017	Feature		0.0	-	1 month ago
3.	Blade Runner 2049	2017	Feature		0.0	-	1 month ago
4.	Alien: Covenant	2017	Feature		0.0	-	1 month ago
5.	T2 Trainspotting	2017	Feature	Rate	7.9	8,453	1 month ago
6.	Star Wars: Episode VIII - The Last Jedi	2017	Feature		0.0	-	1 month ago
7.	Pirates of the Caribbean: Dead Men Tell No Tales	2017	Feature		0.0	-	1 month ago
8.	Kong: Skull Island	2017	Feature		0.0	-	1 month ago
9.	Spider-Man: Homecoming	2017	Feature		0.0	-	1 month ago
10.	Escobar	2017	Feature		0.0	-	1 month ago
11.	Taboo	2017	TV Series	Rate	9.1	23,893	1 month ago
12.	Twin Peaks	2017	TV Series		0.0	-	1 month ago
13.	War for the Planet of the Apes	2017	Feature		0.0	-	1 month ago
14.	Justice League	2017	Feature		0.0	-	1 month ago
15.	Kingsman: The Golden Circle	2017	Feature		0.0	-	1 month ago
16.	Transformers: The Last Knight	2017	Feature		0.0	-	1 month ago
17.	The Mummy	2017	Feature		0.0	-	1 month ago
18.	Wonder Woman	2017	Feature		0.0	-	1 month ago
19.	Ghost in the Shell	2017	Feature		0.0	-	1 month ago
20.	Logan	2017	Feature		0.0	-	1 month ago
21.	Untitled Neill Blomkamp/Alien Project	????	Feature		0.0	-	1 month ago
22.	The Fate of the Furious	2017	Feature		0.0	-	1 month ago
23.	Power Rangers	2017	Feature		0.0	-	1 month ago
24.	Live by Night	2016	Feature	Rate	6.5	12,376	1 month ago
25.	Jumanji	2017	Feature		0.0	-	1 month ago
26.	Thor: Ragnarok	2017	Feature		0.0	-	1 month ago
27.	The Dark Tower	2017	Feature		0.0	-	1 month ago
28.	American Made	2017	Feature		0.0	-	1 month ago
29.	Valerian and the City of a Thousand Planets	2017	Feature		0.0	-	1 month ago
30.	Okja	2017	Feature		0.0	-	1 month ago
31.	Baywatch	2017	Feature		0.0	-	1 month ago
32.	Dunkirk	2017	Feature		0.0	-	1 month ago
33.	Baby Driver	2017	Feature		0.0	-	1 month ago
34.	Life	2017	Feature		0.0	-	1 month ago
35.	6 Below	2017	Feature		0.0	-	1 month ago
36.	Underworld: Blood Wars	2016	Feature	Rate	6.1	18,011	1 month ago
37.	Bairavaa	2017	Feature	Rate	6.9	4,166	1 month ago
38.	The LEGO Batman Movie	2017	Feature	Rate	7.9	13,185	1 month ago
39.	xXx: Return of Xander Cage	2017	Feature	Rate	5.6	18,606	1 month ago
40.	The Hitman's Bodyguard	2017	Feature		0.0	-	1 month ago
41.	Untitled Detroit Project	2017	Feature		0.0	-	1 month ago
42.	King Arthur: Legend of the Sword	2017	Feature		0.0	-	1 month ago
43.	Get Out	2017	Feature	Rate	5.8	451	1 month ago
44.	The Wall	2017	Feature		0.0	-	1 month ago
45.	The Mountain Between Us	2017	Feature		0.0	-	1 month ago
46.	Beauty and the Beast	2017	Feature		0.0	-	1 month ago
47.	Fifty Shades Darker	2017	Feature	Rate	5.0	14,286	1 month ago
48.	The Trap	2017	Feature		0.0	-	1 month ago
49.	World War Z 2	????	Feature		0.0	-	1 month ago
50.	The Long Home	2017	Feature		0.0	-	1 month ago
51.	Pitch Perfect 3	2017	Feature		0.0	-	1 month ago
52.	The Dark Tower	2017	Feature		0.0	-	1 month ago
53.	Downsizing	2017	Feature		0.0	-	1 month ago
54.	Paddington 2	2017	Feature		0.0	-	1 month ago
55.	The Greatest Showman	2017	Feature		0.0	-	1 month ago
56.	The Snowman	2017	Feature		0.0	-	1 month ago
57.	Annihilation	2017	Feature		0.0	-	1 month ago
58.	Robin Hood	2018	Feature		0.0	-	1 month ago
59.	The Legacy of a Whitetail Deer Hunter	2017	Feature		0.0	-	1 month ago
60.	The Racer and the Jailbird	2017	Feature		0.0	-	1 month ago
61.	Three Billboards Outside Ebbing, Missouri	2017	Feature		0.0	-	1 month ago
62.	Looking for Alaska	2017	Feature		0.0	-	1 month ago
63.	Felt	2017	Feature		0.0	-	1 month ago
64.	Mother!	2017	Feature		0.0	-	1 month ago
65.	Submergence	2017	Feature		0.0	-	1 month ago
66.	Stronger	2017	Feature		0.0	-	1 month ago
67.	Wind River	2017	Feature	Rate	8.7	140	1 month ago
68.	A Dog's Purpose	2017	Feature	Rate	4.6	10,631	1 month ago
69.	Suburbicon	2017	Feature		0.0	-	1 month ago
70.	Jungle	2017	Feature		0.0	-	1 month ago
71.	Snatched	2017	Feature		0.0	-	1 month ago
72.	Untitled Nash Edgerton Project	2017	Feature		0.0	-	1 month ago
73.	20,000 Leagues Under the Sea	2017	Feature		0.0	-	1 month ago
74.	Intelligent Life	2017	Feature		0.0	-	1 month ago
75.	Anon	2017	Feature		0.0	-	1 month ago
76.	The Bachelors	2017	Feature		0.0	-	1 month ago
77.	Battle of the Sexes	2017	Feature		0.0	-	1 month ago
78.	The Outsider	2017	Feature		0.0	-	1 month ago
79.	It	2017	Feature		0.0	-	1 month ago
80.	The Kidnapping of Edgardo Mortara	2017	Feature		0.0	-	1 month ago
81.	A Cure for Wellness	2016	Feature	Rate	6.8	484	1 month ago
82.	Mary Magdalene	2017	Feature		0.0	-	1 month ago
83.	The Something	2021	Feature		0.0	-	1 month ago
84.	Sleepless	2017	Feature	Rate	5.6	1,363	1 month ago
85.	The Coldest City	2017	Feature		0.0	-	1 month ago
86.	The Glass Castle	2017	Feature		0.0	-	1 month ago
87.	Flatliners	2017	Feature		0.0	-	1 month ago
88.	Gifted	2017	Feature		0.0	-	1 month ago
89.	War Machine	2017	Feature		0.0	-	1 month ago
90.	Song to Song	2017	Feature		0.0	-	1 month ago
91.	The Book of Henry	2017	Feature		0.0	-	1 month ago
92.	Murder on the Orient Express	2017	Feature		0.0	-	1 month ago
93.	Logan Lucky	2017	Feature		0.0	-	1 month ago
94.	All Eyez on Me	2017	Feature		0.0	-	1 month ago
95.	The Circle	2017	Feature		0.0	-	1 month ago
96.	The Little Mermaid	2017	Feature		0.0	-	1 month ago
97.	Death Note	2017	Feature		0.0	-	1 month ago
98.	Tulip Fever	2017	Feature		0.0	-	1 month ago
99.	A Ghost Story	2017	Feature	Rate	7.9	71	1 week ago
100.	Red Sparrow	2017	Feature		0.0	-	1 month ago
101.	Mute	2017	Feature		0.0	-	1 month ago
102.	Bright	2017	Feature		0.0	-	1 month ago
103.	Thank You for Your Service	2017	Feature		0.0	-	1 month ago
104.	The Disaster Artist	2017	Feature		0.0	-	1 month ago
105.	Bastards	2017	Feature	Rate	7.1	17	1 month ago
106.	I'm Not Here	2017	Feature		0.0	-	1 month ago
107.	Untitled A.A. Milne Project	2017	Feature		0.0	-	1 month ago
108.	American Assassin	2017	Feature		0.0	-	1 month ago
109.	Viy 2	2017	Feature		0.0	-	1 month ago
110.	Soldado	2017	Feature		0.0	-	1 month ago
111.	The LEGO NINJAGO Movie	2017	Feature		0.0	-	1 month ago
112.	Brawl in Cell Block 99	????	Feature		0.0	-	1 week ago
113.	Landline	2017	Feature	Rate	6.8	38	1 week ago
114.	Redoubtable	2017	Feature		0.0	-	1 week ago
115.	The Coldest City	2017	Feature		0.0	-	1 week ago
116.	The Dark Tower	2017	Feature		0.0	-	1 week ago
117.	The Mercy	2017	Feature		0.0	-	1 week ago
118.	In the Fade	2017	Feature		0.0	-	1 week ago
119.	Untitled Woody Allen Project	2017	Feature		0.0	-	1 week ago
120.	A Fantastic Woman	2017	Feature	Rate	8.1	46	1 week ago
121.	Alien: Covenant	2017	Feature		0.0	-	1 week ago
122.	Valerian and the City of a Thousand Planets	2017	Feature		0.0	-	1 week ago
123.	Battle of the Sexes	2017	Feature		0.0	-	1 week ago
124.	The Dinner	2017	Feature	Rate	6.4	69	1 week ago
125.	Mary Shelley	2017	Feature		0.0	-	1 week ago
126.	The Legacy of a Whitetail Deer Hunter	2017	Feature		0.0	-	1 week ago
127.	The Book of Henry	2017	Feature		0.0	-	1 week ago
128.	Mother	2017	Feature		0.0	-	1 week ago
129.	Wilson	2017	Feature	Rate	6.6	63	1 week ago
130.	Mother!	2017	Feature		0.0	-	1 week ago
131.	God Particle	2017	Feature		0.0	-	1 week ago
132.	Lady Bird	2017	Feature		0.0	-	1 week ago
133.	Journeyman	2017	Feature		0.0	-	1 week ago
134.	Mute	2017	Feature		0.0	-	1 week ago
135.	The Florida Project	2017	Feature		0.0	-	1 week ago
136.	Logan	2017	Feature		0.0	-	1 week ago
137.	Dark River	2017	Feature		0.0	-	1 week ago
138.	Luxembourg	????	Feature		0.0	-	1 week ago
139.	It Comes at Night	2017	Feature		0.0	-	1 week ago
140.	The Discovery	2017	Feature	Rate	8.0	130	1 week ago
141.	Stronger	2017	Feature		0.0	-	1 week ago
142.	Suspiria	2017	Feature		0.0	-	1 week ago
143.	Untitled Nash Edgerton Project	2017	Feature		0.0	-	1 week ago
144.	Wind River	2017	Feature	Rate	8.7	140	1 week ago
145.	Tully	2017	Feature		0.0	-	1 week ago
146.	Untitled Buddy Cianci Biopic	????	Feature		0.0	-	1 week ago
147.	Wildlife	2017	Feature		0.0	-	1 week ago
148.	Rock That Body	2017	Feature		0.0	-	1 week ago
149.	Darkest Hour	2017	Feature		0.0	-	1 week ago
150.	Mektoub is Mektoub	2017	Feature		0.0	-	1 week ago
151.	Red Sparrow	2017	Feature		0.0	-	1 week ago
152.	The Current War	2017	Feature		0.0	-	1 week ago
153.	Song to Song	2017	Feature		0.0	-	1 week ago
154.	Spider-Man: Homecoming	2017	Feature		0.0	-	1 week ago
155.	Mary Magdalene	2017	Feature		0.0	-	1 week ago
156.	The Other Side of Hope	2017	Feature	Rate	7.7	139	1 week ago
157.	The Glass Castle	2017	Feature		0.0	-	1 week ago
158.	Good Time	2017	Feature		0.0	-	1 week ago
159.	The Death of Stalin	2017	Feature		0.0	-	1 week ago
160.	Three Billboards Outside Ebbing, Missouri	2017	Feature		0.0	-	1 week ago
161.	War Machine	2017	Feature		0.0	-	1 week ago
162.	Ismael's Ghosts	2017	Feature		0.0	-	1 week ago
163.	The LEGO Batman Movie	2017	Feature	Rate	7.9	13,185	1 week ago
164.	Molly's Game	2017	Feature		0.0	-	1 week ago
165.	Vox Lux	2018	Feature		0.0	-	1 week ago
166.	Thelma	2017	Feature		0.0	-	1 week ago
167.	Thor: Ragnarok	2017	Feature		0.0	-	1 week ago
168.	The Circle	2017	Feature		0.0	-	1 week ago
169.	Get Out	2017	Feature	Rate	5.8	451	1 week ago
170.	Mudbound	2017	Feature	Rate	8.7	87	1 week ago
171.	How to Talk to Girls at Parties	2017	Feature		0.0	-	1 week ago
172.	The Old Man and the Gun	2018	Feature		0.0	-	1 week ago
173.	Lean on Pete	2017	Feature		0.0	-	1 week ago
174.	Under the Silver Lake	2017	Feature		0.0	-	1 week ago
175.	The Square	2017	Feature		0.0	-	1 week ago
176.	Downsizing	2017	Feature		0.0	-	1 week ago
177.	Golden Exits	2017	Feature	Rate	6.3	49	1 week ago
178.	Zama	2017	Feature		0.0	-	1 week ago
179.	Suburbicon	2017	Feature		0.0	-	1 week ago
180.	Yeh Din Ka Kissa	2017	Feature		0.0	-	1 week ago
181.	Coco	2017	Feature		0.0	-	1 week ago
182.	Annihilation	2017	Feature		0.0	-	1 week ago
183.	The Shape of Water	2017	Feature		0.0	-	1 week ago
184.	Mother	2017	Feature		0.0	-	1 week ago
185.	You Were Never Really Here	2017	Feature		0.0	-	1 week ago
186.	The Snowman	2017	Feature		0.0	-	1 week ago
187.	The Killing of a Sacred Deer	2017	Feature		0.0	-	1 week ago
188.	The Kidnapping of Edgardo Mortara	2017	Feature		0.0	-	1 week ago
189.	The Beguiled	2017	Feature		0.0	-	1 week ago
190.	Wonderstruck	2017	Feature		0.0	-	1 week ago
191.	Untitled Detroit Project	2017	Feature		0.0	-	1 week ago
192.	Okja	2017	Feature		0.0	-	1 week ago
193.	Happy End	2017	Feature		0.0	-	1 week ago
194.	Baby Driver	2017	Feature		0.0	-	1 week ago
195.	Dunkirk	2017	Feature		0.0	-	1 week ago
196.	Untitled Paul Thomas Anderson Project	2017	Feature		0.0	-	1 week ago
1.	Hacksaw Ridge 	2016	Feature	Rate	8.3	109,052	2 months ago
2.	Deadpool 	2016	Feature	Rate	8.1	588,042	13 Aug 2015
3.	Arrival 	2016	Feature	Rate	8.1	221,137	2 months ago
4.	Florence Foster Jenkins 	2016	Feature	Rate	7.0	24,445	3 months ago
5.	Eddie the Eagle 	2016	Feature	Rate	7.4	50,451	3 months ago
6.	Captain Fantastic 	2016	Feature	Rate	7.9	77,996	3 months ago
7.	Zootopia 	2016	Feature	Rate	8.1	264,908	7 months ago
8.	Sairat 	2016	Feature	Rate	8.7	4,866	3 months ago
9.	Me Before You 	2016	Feature	Rate	7.5	101,648	7 months ago
10.	Moonlight 	2016	Feature	Rate	8.0	37,625	2 months ago
11.	Hidden Figures 	2016	Feature	Rate	7.9	33,654	3 weeks ago
12.	The Founder 	2016	Feature	Rate	7.2	9,776	1 week ago
13.	Lion 	2016	Feature	Rate	8.0	28,644	2 months ago
14.	Pink 	2016	Feature	Rate	8.4	19,252	5 days ago
15.	The Edge of Seventeen 	2016	Feature	Rate	7.5	23,067	2 months ago
16.	Sold 	2016	Feature	Rate	6.8	738	2 weeks ago
17.	American Honey 	2016	Feature	Rate	7.1	14,278	2 weeks ago
18.	Pitbull. Nowe porzadki 	2016	Feature	Rate	6.6	1,109	7 months ago
19.	The Fundamentals of Caring 	2016	Feature	Rate	7.4	29,382	3 months ago
20.	Queen of Katwe 	2016	Feature	Rate	7.3	4,312	1 month ago
21.	Sing Street 	2016	Feature	Rate	8.0	42,716	7 months ago
22.	The Brothers Grimsby 	2016	Feature	Rate	6.2	59,030	7 months ago
23.	Café Society 	2016	Feature	Rate	6.7	40,067	1 month ago
24.	Graduation 	2016	Feature	Rate	7.6	3,851	4 weeks ago
25.	La La Land 	2016	Feature	Rate	8.5	162,531	2 months ago
26.	Nocturnal Animals 	2016	Feature	Rate	7.6	68,759	2 months ago
27.	Split 	2016	Feature	Rate	7.5	49,127	1 week ago
28.	Staying Vertical 	2016	Feature	Rate	6.7	716	1 month ago
29.	Wolyn 	2016	Feature	Rate	8.1	761	1 week ago
30.	Midnight Special 	2016	Feature	Rate	6.7	49,846	7 months ago
31.	Passengers 	2016	Feature	Rate	7.0	87,511	1 month ago
32.	Hell or High Water 	2016	Feature	Rate	7.7	82,117	2 months ago
33.	20th Century Women 	2016	Feature	Rate	7.7	3,448	2 weeks ago
34.	Manchester by the Sea 	2016	Feature	Rate	8.1	57,002	1 month ago
35.	Spirits' Homecoming 	2016	Feature	Rate	6.9	166	5 months ago
36.	Stranger Things 	2016	TV Series	Rate	9.0	264,686	1 week ago
37.	The Magnificent Seven 	2016	Feature	Rate	7.0	101,726	13 Aug 2015
38.	Dangal 	2016	Feature	Rate	9.0	35,484	4 weeks ago
39.	Toni Erdmann 	2016	Feature	Rate	7.7	15,759	1 month ago
40.	I, Daniel Blake 	2016	Feature	Rate	8.0	10,977	3 months ago
41.	Department Q: A Conspiracy of Faith 	2016	Feature	Rate	7.0	6,373	5 days ago
42.	The Light Between Oceans 	2016	Feature	Rate	7.2	20,261	3 weeks ago
43.	Batman v Superman: Dawn of Justice 	2016	Feature	Rate	6.7	451,248	13 Aug 2015
44.	10 Cloverfield Lane 	2016	Feature	Rate	7.3	175,590	7 months ago
45.	The Accountant 	2016	Feature	Rate	7.4	125,634	11 months ago
46.	Money Monster 	2016	Feature	Rate	6.5	62,492	3 months ago
47.	Don't Breathe 	2016	Feature	Rate	7.2	102,493	3 months ago
48.	13 Hours 	2016	Feature	Rate	7.3	69,974	7 months ago
49.	The Siege of Jadotville 	2016	Feature	Rate	7.3	12,022	3 weeks ago
50.	The Handmaiden 	2016	Feature	Rate	8.1	22,777	5 months ago
51.	Neerja 	2016	Feature	Rate	7.8	12,141	1 week ago
52.	Fan 	2016	Feature	Rate	7.4	32,361	7 months ago
53.	Madaari 	2016	Feature	Rate	7.7	7,111	1 week ago
54.	Airlift 	2016	Feature	Rate	8.3	37,935	7 months ago
55.	Sarbjit 	2016	Feature	Rate	7.3	2,665	1 month ago
56.	Maalik 	2016	Feature	Rate	8.9	2,934	4 weeks ago
57.	Trolls 	2016	Feature	Rate	6.5	23,616	3 weeks ago
58.	Your Name 	2016	Feature	Rate	8.7	18,555	1 week ago
59.	Moana 	2016	Feature	Rate	7.9	51,173	2 months ago
60.	Piper 	2016	Short Film	Rate	8.5	14,706	1 week ago
61.	Demolition 	2015	Feature	Rate	7.0	52,344	11 months ago
62.	Allied 	2016	Feature	Rate	7.1	34,518	1 month ago
63.	Ostatnia rodzina 	2016	Feature	Rate	7.9	816	1 week ago
64.	Detour 	2016	Feature	Rate	6.4	1,162	2 weeks ago
65.	Second Life 	2016	Feature	Rate	10.0	196	1 week ago
66.	The Mountain II 	2016	Feature	Rate	9.9	80,352	1 week ago
67.	Uno: The Movie 	2016	Feature	Rate	9.9	7,350	2 months ago
68.	Silence 	2016	Feature	Rate	7.5	21,593	11 months ago
69.	Fences 	2016	Feature	Rate	7.5	17,662	1 month ago
70.	Hush 	2016	Feature	Rate	6.6	40,384	5 days ago
71.	Free State of Jones 	2016	Feature	Rate	6.9	25,690	11 months ago
72.	Mr. Church 	2016	Feature	Rate	7.7	13,588	1 week ago
73.	Green Room 	2015	Feature	Rate	7.1	55,385	7 months ago
74.	I Am Not a Serial Killer 	2016	Feature	Rate	6.2	6,073	5 months ago
75.	The Infiltrator 	2016	Feature	Rate	7.1	37,376	4 weeks ago
76.	Dirty Beautiful 	2015	Feature	Rate	5.3	424	7 months ago
77.	Loving 	2016	Feature	Rate	7.1	9,937	1 week ago
78.	Septembers of Shiraz 	2015	Feature	Rate	5.9	2,182	7 months ago
79.	Sully 	2016	Feature	Rate	7.5	115,109	11 months ago
80.	Snowden 	2016	Feature	Rate	7.3	64,534	2 months ago
81.	The Neon Demon 	2016	Feature	Rate	6.3	43,609	5 months ago
82.	The Finest Hours 	2016	Feature	Rate	6.8	41,072	9 months ago
83.	Elle 	2016	Feature	Rate	7.3	22,095	1 month ago
84.	Jackie 	2016	Feature	Rate	7.1	17,924	2 months ago
85.	The Last Princess 	2016	Feature	Rate	7.0	194	3 months ago
86.	The Whole Truth 	2016	Feature	Rate	6.1	8,384	1 week ago
87.	Under the Shadow 	2016	Feature	Rate	7.0	8,034	1 week ago
88.	The Autopsy of Jane Doe 	2016	Feature	Rate	6.9	20,746	2 months ago
89.	Live by Night 	2016	Feature	Rate	6.5	12,376	1 month ago
90.	The Girl on the Train 	2016	Feature	Rate	6.6	76,361	11 months ago
91.	Deepwater Horizon 	2016	Feature	Rate	7.2	67,936	3 months ago
92.	Captain America: Civil War 	2016	Feature	Rate	7.9	384,953	13 Aug 2015
93.	Warcraft 	2016	Feature	Rate	7.0	175,392	13 Aug 2015
94.	X-Men: Apocalypse 	2016	Feature	Rate	7.1	245,516	2 days ago
95.	The BFG 	2016	Feature	Rate	6.4	43,551	11 months ago
96.	Fantastic Beasts and Where to Find Them 	2016	Feature	Rate	7.6	159,309	2 months ago
97.	Blood Father 	2016	Feature	Rate	6.4	35,764	5 months ago
98.	A Monster Calls 	2016	Feature	Rate	7.6	22,411	2 days ago
99.	Star Trek Beyond 	2016	Feature	Rate	7.1	150,044	2 days ago
100.	Rogue One 	2016	Feature	Rate	8.1	245,788	2 days ago
101.	Finding Dory 	2016	Feature	Rate	7.5	134,593	13 Aug 2015
102.	Doctor Strange 	2016	Feature	Rate	7.8	199,761	5 days ago
103.	Suicide Squad 	2016	Feature	Rate	6.3	350,820	11 months ago
104.	The Legend of Tarzan 	2016	Feature	Rate	6.3	104,475	7 months ago
105.	Gods of Egypt 	2016	Feature	Rate	5.5	68,547	7 months ago
106.	Central Intelligence 	2016	Feature	Rate	6.4	85,101	7 months ago
107.	Jason Bourne 	2016	Feature	Rate	6.7	137,019	11 months ago
108.	The Huntsman: Winter's War 	2016	Feature	Rate	6.1	60,483	7 months ago
109.	The Nice Guys 	2016	Feature	Rate	7.4	153,961	11 months ago
110.	Now You See Me 2 	2016	Feature	Rate	6.5	141,024	11 months ago
111.	Storks 	2016	Feature	Rate	6.9	26,527	3 months ago
112.	Jack Reacher: Never Go Back 	2016	Feature	Rate	6.1	56,652	3 months ago
113.	Miss Peregrine's Home for Peculiar Children 	2016	Feature	Rate	6.8	84,783	3 months ago
114.	Zoolander 2 	2016	Feature	Rate	4.8	45,637	13 Aug 2015
115.	The Jungle Book 	2016	Feature	Rate	7.5	183,161	11 months ago
116.	Dirty Grandpa 	2016	Feature	Rate	6.0	68,752	7 months ago
117.	War Dogs 	2016	Feature	Rate	7.1	90,018	1 week ago
118.	Alice Through the Looking Glass 	2016	Feature	Rate	6.3	49,945	11 months ago
119.	Patriots Day 	2016	Feature	Rate	7.6	13,812	1 month ago
120.	Inferno 	2016	Feature	Rate	6.2	78,211	13 Aug 2015
121.	Kung Fu Panda 3 	2016	Feature	Rate	7.2	84,204	5 days ago
122.	Resident Evil: The Final Chapter 	2016	Feature	Rate	6.2	14,700	7 months ago
123.	Hail, Caesar! 	2016	Feature	Rate	6.3	83,003	9 months ago
124.	Neighbors 2: Sorority Rising 	2016	Feature	Rate	5.8	67,530	7 months ago
125.	Allegiant 	2016	Feature	Rate	5.7	64,822	7 months ago
126.	Underworld: Blood Wars 	2016	Feature	Rate	6.1	18,011	1 month ago
127.	Mechanic: Resurrection 	2016	Feature	Rate	5.6	41,816	5 months ago
128.	Criminal 	2016	Feature	Rate	6.3	34,454	7 months ago
129.	The Shallows 	2016	Feature	Rate	6.4	69,374	7 months ago
130.	The Do-Over 	2016	Feature	Rate	5.7	22,923	7 months ago
131.	Ice Age: Collision Course 	2016	Feature	Rate	5.7	30,753	11 months ago
132.	Independence Day: Resurgence 	2016	Feature	Rate	5.3	115,570	13 Aug 2015
133.	Ghostbusters 	2016	Feature	Rate	5.4	135,309	5 days ago
134.	Sausage Party 	2016	Feature	Rate	6.3	102,624	5 days ago
135.	The Conjuring 2 	2016	Feature	Rate	7.5	126,193	1 week ago
136.	The Secret Life of Pets 	2016	Feature	Rate	6.6	104,005	7 months ago
137.	Assassin's Creed 	2016	Feature	Rate	6.4	52,623	13 Aug 2015
138.	Raw 	2016	Feature	Rate	7.2	924	4 weeks ago
139.	Race 	2016	Feature	Rate	7.1	21,726	7 months ago
140.	The Lost City of Z 	2016	Feature	Rate	7.4	341	4 weeks ago
141.	Sink 	2016	Feature	Rate	8.6	109	3 weeks ago
142.	From a House on Willow Street 	2016	Feature	Rate	8.0	1,100	1 week ago
143.	Brimstone 	2016	Feature	Rate	7.5	2,509	5 days ago
144.	Jane Wants a Boyfriend 	2015	Feature	Rate	6.8	1,157	9 months ago
145.	Before the Flood 	2016	Documentary	Rate	8.4	14,727	1 week ago
146.	The Bronx Bull 	2016	Feature	Rate	5.1	207	7 months ago
147.	Paterson 	2016	Feature	Rate	7.7	10,416	4 weeks ago
148.	Miss Saigon: 25th Anniversary 	2016	Feature	Rate	8.2	370	3 weeks ago
149.	The Take 	2016	Feature	Rate	6.3	18,601	3 months ago
150.	Whiskey Tango Foxtrot 	2016	Feature	Rate	6.6	32,869	7 months ago
151.	The Duel 	2016	Feature	Rate	5.7	4,850	7 months ago
152.	The Trust 	2016	Feature	Rate	5.4	11,805	9 months ago
153.	Imperium 	2016	Feature	Rate	6.5	22,952	5 months ago
154.	Jack of the Red Hearts 	2015	Feature	Rate	7.2	922	1 month ago
155.	Swiss Army Man 	2016	Feature	Rate	7.1	51,802	7 months ago
156.	Hunt for the Wilderpeople 	2016	Feature	Rate	7.9	42,361	3 months ago
157.	Dad's Army 	2016	Feature	Rate	5.2	5,024	7 months ago
158.	The Purge: Election Year 	2016	Feature	Rate	6.0	49,219	7 months ago
159.	Casual Encounters 	2016	Feature	Rate	4.2	276	7 months ago
160.	The Boy 	2016	Feature	Rate	6.0	47,451	3 months ago
161.	Bridget Jones's Baby 	2016	Feature	Rate	6.7	36,656	7 months ago
162.	The Girl with All the Gifts 	2016	Feature	Rate	6.7	15,527	1 week ago
163.	London Has Fallen 	2016	Feature	Rate	5.9	93,968	13 Aug 2015
164.	Popstar: Never Stop Never Stopping 	2016	Feature	Rate	6.7	27,649	7 months ago
165.	Hardcore Henry 	2015	Feature	Rate	6.8	56,593	5 days ago
166.	River 	2015	Feature	Rate	6.0	1,323	7 months ago
167.	Aynabaji 	2016	Feature	Rate	9.6	14,718	4 weeks ago
168.	Clash 	2016	Feature	Rate	8.1	1,495	1 week ago
169.	Zhuo mi cang 	2016	Feature	Rate	6.3	58	3 weeks ago
170.	Cold War II 	2016	Feature	Rate	6.7	1,458	3 weeks ago
171.	Saala Khadoos 	2016	Feature	Rate	7.7	6,571	1 week ago
172.	The Wailing 	2016	Feature	Rate	7.5	14,144	7 months ago
173.	Train to Busan 	2016	Feature	Rate	7.5	45,103	3 months ago
174.	Operation Mekong 	2016	Feature	Rate	6.9	1,465	2 weeks ago
175.	Natsamrat 	2016	Feature	Rate	9.4	3,172	4 weeks ago
176.	The Salesman 	2016	Feature	Rate	8.3	8,746	3 months ago
177.	Being 17 	2016	Feature	Rate	7.3	1,443	1 month ago
178.	Like Crazy 	2016	Feature	Rate	7.4	2,948	7 months ago
179.	Anthropoid 	2016	Feature	Rate	7.2	19,362	3 weeks ago
180.	The Duelist 	2016	Feature	Rate	6.5	1,331	1 month ago
181.	Don't Think Twice 	2016	Feature	Rate	6.9	8,358	3 weeks ago
182.	Rama Rama Re 	2016	Feature	Rate	9.1	150	1 week ago
183.	At the End of the Tunnel 	2016	Feature	Rate	7.1	2,270	7 months ago
184.	Neruda 	2016	Feature	Rate	7.3	2,435	13 Aug 2015
185.	Endless Poetry 	2016	Feature	Rate	7.7	910	13 Aug 2015
186.	Planeta Singli 	2016	Feature	Rate	7.1	1,093	7 months ago
187.	The Innocents 	2016	Feature	Rate	7.4	3,566	7 months ago
188.	Things to Come 	2016	Feature	Rate	7.2	4,120	7 months ago
189.	It's Only the End of the World 	2016	Feature	Rate	7.1	6,083	7 months ago
190.	24 Weeks 	2016	Feature	Rate	7.5	455	7 months ago
191.	The Student 	2016	Feature	Rate	7.2	1,143	7 months ago
192.	Hepta: The Last Lecture 	2016	Feature	Rate	7.9	1,116	7 months ago
193.	Junction 48 	2016	Feature	Rate	7.5	260	7 months ago
194.	Unforgettable 	2016	Feature	Rate	7.3	316	7 months ago
195.	Laal Rang 	2016	Feature	Rate	7.8	1,134	7 months ago
196.	The Day Will Come 	2016	Feature	Rate	7.7	723	7 months ago
197.	Perfect Strangers 	2016	Feature	Rate	7.7	11,380	7 months ago
198.	Italian Race 	2016	Feature	Rate	7.5	1,861	7 months ago
199.	If Cats Disappeared from the World 	2016	Feature	Rate	7.2	850	7 months ago
200.	Pelé: Birth of a Legend	2016	Feature	Rate	7.3	7,232	1 week ago
201.	Jestem morderca 	2016	Feature	Rate	7.3	295	1 week ago
202.	Little Men 	2016	Feature	Rate	6.9	3,106	1 week ago
203.	The Northlander 	2016	Feature	Rate	8.8	538	1 day ago
204.	Denial 	2016	Feature	Rate	6.6	4,952	1 week ago
205.	It's Only the End of the World 	2016	Feature	Rate	7.1	6,083	1 day ago
206.	Boyka: Undisputed 	2016	Feature	Rate	9.2	1,809	1 day ago
207.	How to Be Single 	2016	Feature	Rate	6.1	55,457	7 months ago
208.	Why Him? 	2016	Feature	Rate	6.6	13,534	1 week ago
209.	Colossal 	2016	Feature	Rate	6.7	420	1 week ago
210.	United States of Love 	2016	Feature	Rate	6.4	586	2 days ago
211.	Gleason 	2016	Documentary	Rate	8.4	1,090	5 days ago
212.	The King's Choice 	2016	Feature	Rate	7.6	1,718	1 day ago
213.	The Age of Shadows 	2016	Feature	Rate	7.3	988	1 week ago
214.	Nerve 	2016	Feature	Rate	6.6	59,633	3 months ago
215.	Gold 	2016	Feature	Rate	6.5	3,670	1 week ago
216.	Shivaay 	2016	Feature	Rate	6.6	6,552	3 months ago
217.	The Visitors: Bastille Day 	2016	Feature	Rate	4.5	1,680	13 Aug 2015
218.	Golden Treasure 	2016	Feature	Rate	9.5	629	1 week ago
219.	Pashupati Prasad 	2016	Feature	Rate	9.3	797	1 week ago
220.	The Unnamed 	2016	Feature	Rate	9.3	1,360	1 week ago
221.	Kirik Party 	2016	Feature	Rate	9.1	1,665	1 week ago
222.	Godhi Banna Sadharana Mykattu 	2016	Feature	Rate	9.2	1,584	1 week ago
223.	Geethaiyin Raadhai 	2016	Feature	Rate	9.2	212	1 week ago
224.	Kyanq u Kriv 	2016	Feature	Rate	9.0	213	1 week ago
225.	The Well 	2016	Feature	Rate	8.9	382	1 week ago
226.	The Northlander 	2016	Feature	Rate	8.8	538	1 week ago
227.	Pr' Hostar 	2016	Feature	Rate	8.8	1,013	1 week ago
228.	Dhruva 	2016	Feature	Rate	8.6	2,295	1 week ago
229.	Dhuruvangal Pathinaaru 	2016	Feature	Rate	9.1	1,809	1 week ago
230.	Boyka: Undisputed 	2016	Feature	Rate	9.2	1,809	1 week ago
231.	B.O.K. 	2016	Feature	Rate	9.0	812	1 week ago
232.	Joker 	2016	Feature	Rate	8.8	1,255	1 week ago
233.	Blood Feast 	2016	Feature	Rate	8.5	567	1 week ago
234.	Loserville 	2016	Feature	Rate	8.3	689	1 week ago
235.	Susie Q 	2016	Feature	Rate	8.3	222	1 week ago
236.	Two Lottery Tickets 	2016	Feature	Rate	8.2	8,579	1 week ago
237.	The Woman Who Left 	2016	Feature	Rate	8.0	279	1 week ago
238.	Guppy 	2016	Feature	Rate	8.1	763	1 week ago
239.	The Other Me 	2016	Feature	Rate	7.9	379	1 week ago
240.	Arise from Darkness 	2016	Feature	Rate	7.8	352	1 week ago
241.	Paradise 	2016	Feature	Rate	7.3	252	1 week ago
242.	Blind Vaysha 	2016	Short Film	Rate	7.5	186	1 week ago
243.	Borrowed Time 	2015	Short Film	Rate	7.7	2,275	1 week ago
244.	Pear Cider and Cigarettes 	2016	Documentary	Rate	7.3	140	1 week ago
245.	Pearl 	2016	Short Film	Rate	7.0	465	1 week ago
246.	Land of Mine 	2015	Feature	Rate	7.8	9,197	1 week ago
247.	A Man Called Ove 	2015	Feature	Rate	7.6	15,092	1 week ago
248.	Tanna 	2015	Feature	Rate	7.0	1,064	1 week ago
249.	Fire at Sea 	2016	Documentary	Rate	7.0	2,637	1 week ago
250.	I Am Not Your Negro 	2016	Documentary	Rate	6.2	1,628	1 week ago
