16 handles
241 pizza
4food
54th street grill & bar
7-11
a&w
abby('|’)?s
abc country
acapulco mexican restaurant y cantina
aladdin('|’)?s
alonti cafe & catering
amato('|’)?s
ameci pizza & pasta
american deli
amici('|’)?s
amigos kings classic
anderson('|’)?s
andy('|’)?s
another broken egg cafe
anthony('|’)?s
applebee('|’)?s
arby('|’)?s
arctic circle
arni('|’)?s
aroma joe('|’)?s
asian chao
atlanta bread
au bon pain
auntie anne('|’)?s
austin('|’)?s
b bops
b c pizza
back yard
bad ass coffee
bagger dave’s
bahama breeze
baja fresh
baker bros american deli
baker('|’)?s
bakers square
bandana('|’)?s
bar-b-cutie
barbacoa
bareburger
barry bagels
baton rouge steakhouse & bar
bd('|’)?s
be leaf
beans & brews coffee house
becks prime restaurant
beef o brady('|’)?s
beef-a-roo
benihana
bertucci('|’)?s
big apple bagels
big town hero
bigfoot java
bill gray('|’)?s
bill miller bar-b-q
biscuitville
bistro elaia
bj('|’)?s
black angus steakhouse
blake('|’)?s
blaze pizza
blimpie
blizz frozen yogurt
blue coast burrito
blue mesa grill
boardwalk fresh 
bob evans
bob('|’)?s
bobby('|’)?s
bojangles('|’)
boloco
bonchon
bonefish grill
boneheads
bono('|’)?s
booster juice
boston('|’)?s
boudin bakery
braum('|’)?s
breadsmith
brixx wood fired pizza
broadway pizza restaurant
brown bag
brown('|’)?s
bruegger('|’)?s
bruster('|’)?s
buffalo wild wings
buffalo wings & rings
buffets
bullritos
buona
burger 21
burger king
burger lounge
burgerfi
burgermaster
burgerville
burrito beach
burrito boyz
c c('|’)?s
cafe carolina & bakery
cafe metro
cafe rio
cafe yumm
california pizza kitchen
california tortilla
calistoga bakery cafe
calypso cafe
camille('|’)?s
captain d('|’)?s
caribou coffee
carl('|’)?s
carrows
carvel
casa ole
casey('|’)?s
cava grill
cereality
champps
charley('|’)?s
charlie brown('|’)?s
checker('|’)?s
cheddar('|’)?s
cheeburger cheeburger
cheezie('|’)?s
chester('|’)?s
chevys fresh mex
chick-fil-a
chicken express
chicken salad chick
chicken shack
chickpea
chili('|’)?s
chinese gourmet express
chipotle
chop('|’)t
chronic tacos
chuck e. cheese('|’)?s
church('|’)?s
cici('|’)?s
cinnabon
cinnzeo
city barbeque
city bites
claim jumper
coco brooks pizza
coco('|’)?s
coffee beanery
coffee culture
cold stone creamery
colton('|’)?s
connors steak & seafood
cook out
corner bakery cafe
cosi
costco food court
cottage inn pizza
cotton patch cafe
country kitchen
country style
cousin('|’)?s
cowboy chicken
crabby joe('|’)?s
crispers
culver('|’)?s
daily grill
dairy queen
daphne('|’)?s
del taco
denny('|’)?s
desert moon grille
dibella('|’)?s
dickey('|’)?s
dilly('|’)?s
dion('|’)?s
district taco
domino('|’)?s
don pablo('|’)?s
donatos
doolittles
doubledave('|’)?s
dunkin('|’) donuts
dunn bros coffee
dunn brothers coffee
earls
east of chicago pizza
eat('|’)n park
edo japan
eggspectation
einstein bros. bagels
el pollo loco
elephant bar
elevation burger
elliano('|’)?s
erbert & gerbert('|’)?s
erik('|’)?s
evolution fresh
extreme pizza
farmer boys
fatburger
fatz
fazoli('|’)?s
fields good chicken
figaro('|’)?s
firebirds wood fired grill
firehouse subs
first watch
five guys
flavors nyc
flying wedge pizza co
fogo de chao churrascaria
food exchange
foster('|’)?s
fosters freeze
fox and hound sports tavern
fox('|’)?s
freebirds world burrito
fresh to order
freshberry
freshens
freshii
friendly('|’)?s
frullati cafe & bakery
fuddruckers
furr('|’)?s
gambino('|’)?s
gandolfo('|’)?s
garbanzo
garlic jim('|’)?s
gatti('|’)?s
gigi cafe
giovanni('|’)?s
go bites
go roma italian kitchen
godfather('|’)?s
gold star chili
golden corral
golden krust caribbean bakery & grill
golden spoon frozen yogurt
goodcents
gordon biersch brewery
grand traverse pie company
great canadian bagel
great harvest bread co.
great outdoor sub shop
great steak
great wraps
green beans coffee
green burrito
greenz salads
grotto pizza
groucho('|’)?s
ground round
hale and hearty soups
happi house restaurant
happy joe('|’)?s
hardee('|’)?s
hero certified 
honey dew donuts
honeybaked ham
hooters
hoss('|’)?s
hot dog on a stick
houlihan('|’)?s
huhot mongolian grill
humdingers
hummus and pita co.
hungry howie('|’)?s
ihop
in-n-out burger
isaac('|’)?s
islands fine
ivar('|’)?s
izzo('|’)?s
j. gumbo('|’)?s
jack astor('|’)?s
jack in the box
jack('|’)?s
jamba juice
jason('|’)?s
jerry('|’)?s
jersey mike('|’)?s
jet('|’)?s
jimmy john('|’)?s
jimmy('|’)?s
joe('|’)?s
joey('|’)?s
johnny carino('|’)?s
johnny rockets
jreck subs
juan pollo
juice it up
just fresh
just salad
k & w cafeterias
kahala coffee traders
ker('|’)?s
keva juice
kfc
king taco
kohr bros frozen custard
kokoro restaurant
kolache factory
kona grill
krispy kreme
krystal
kyle('|’)?s
la madeleine
la rosa('|’)?s
la salsa 
lamar('|’)?s
larkburger
larry('|’)?s
laughing planet cafe
le peep
leafline salad co.
ledo pizza
lee('|’)?s
lenny('|’)?s
lion('|’)?s
little caesars pizza
lone star steakhouse & saloon
long john silver('|’)?s
longhorn steakhouse
luby('|’)?s
lyfe kitchen
mad mex
maggiano('|’)?s
maggiemoo('|’)?s
mama fu('|’)?s
manchu wok
manhattan bagel
manila
marble slab creamery
marco('|’)?s
margaritaville
marie callender('|’)?s
mary('|’)?s
maui tacos
maui wowi hawaiian coffee & smoothies
mcalister('|’)?s
mcdonald('|’)?s
mcmenamins
me-n-ed('|’)?s
meadows original frozen custard
meatheads 
mellow mushroom
menchie('|’)?s
merzi
mighty taco
mike('|’)?s
milio('|’)?s
miller('|’)?s
mimi('|’)?s
mission bbq
moe('|’)?s
momma goldberg('|’)?s
monical('|’)?s
mooyah
mountain mike('|’)?s
moxie java
moxie('|’)?s
mr greek
mr pickle('|’)?s
mr. jim('|’)?s
mr. sub
mrs. fields
mucho burrito
muscle maker 
my friend('|’)?s
nalley fresh
nando('|’)?s
nanoosh
nathan('|’)?s
nature('|’)?s
nekter juice bar
nestle tollhouse cafe
newk('|’)?s
nick-n-willy('|’)?s
ninety nine
nkd pizza
noah('|’)?s
noodles & company
not your average joe('|’)?s
nothing but noodles
nrgize
o('|’)charleys
oberweis dairy
old chicago
old country buffet
olga('|’)?s
olive garden
on the border
ono hawaiian bbq
orange julius
orange leaf frozen yogurt
original joe('|’)?s
original tommy('|’)?s
outback steakhouse
paciugo italian gelato
pagliacci pizza
pal('|’)?s
panago pizza
pancheros
panda express
panera bread
papa gino('|’)?s
papa john('|’)?s
papa murphy('|’)?s
papa romano('|’)?s
papa('|’)?s
pasha('|’)?s
pasta pomodoro
pei wei asian diner
penn station east coast subs
pepe('|’)?s
pepperjax 
perkins restaurant and bakery
peter piper pizza
pf chang('|’)?s
philly('|’)?s
pick up stix
pieology
pinkberry
pita pit
pizza 73
pizza boli('|’)?s
pizza factory
pizza fusion
pizza hut
pizza inn
pizza my heart
pizza nova
pizza pro
pizza ranch
pizza schmizza
pizza studio
pizzarev
pj('|’)?s
planet smoothie
planet sub
pollo campero
pollo tropical
polly('|’)?s
ponderosa steakhouse
popeye('|’)?s
port city java
port of subs
potbelly
pret a manger us
pretzelmaker
protein bar
purebread deli
qdoba
quizno('|’)?s
rally('|’)?s
ram restaurant & brewery
ram('|’)?s
red burrito
red hot & blue
red lobster
red mango
redbrick pizza
rice garden
rice king
rita('|’)?s
robeks
robin('|’)?s
rock bottom
roly poly rolled sandwiches
romano('|’)?s
rosa('|’)?s
roti
round table pizza
roxberry juice
roy rogers
rubio('|’)?s
ruby tuesday
runza
russo('|’)?s
ryan('|’)?s
salad creations
saladworks
salvatore('|’)?s
sam & louie('|’)?s
samurai sam('|’)?s
sandella('|’)?s
sansai 
sbarro
schlotzsky('|’)?s
scooter('|’)?s
scrambler marie('|’)?s
seasonal specialties
seasons 52
seasons pizza & restaurant
second cup
shake shack
shakey('|’)?s
shane('|’)?s
sharky('|’)?s
sheetz
shoeless joe('|’)?s
shophouse
silver diner
silver mine subs
simple simon('|’)?s
sizzler
skyline chili
smashburger
smitty('|’)?s
smokey bones
smoothie king
snappy salads
snappy tomato pizza
sonic
souper salad
souplantation & sweet tomatoes
southern tsunami
specialty('|’)?s
spring creek barbeque
starbucks
start restaurant
steak escape
steak n('|’) shake
steak-out
stevi b('|’)?s
sticks kebob shop
sub station ii
submarina california subs
subway
surf city squeeze
sweetgreen
swirlberry
swiss chalet
t.mac
taco bell
taco bueno
taco cabana
taco del mar
taco john('|’)?s
taco mayo
taco tico
tacotime
tasti d-lite
tcby
ted('|’)?s
tender greens
teriyaki experience
teriyaki madness
tgi friday('|’)?s
big salad
blue pacific grill
capital grille
chop house
coffee bean
counter
flame broiler
greene turtle
habit burger 
keg steakhouse
little beet
loop pizza 
melt
old spaghetti factory
perfect pita
skinny dip
spaghetti warehouse
varsity
veggie grill
tijuana flats
tim horton('|’)?s
timber lodge steakhouse
togo('|’)?s
tony roma('|’)?s
torchy('|’)?s
tossed
tropical smoothie cafe
tubby('|’)?s
tully('|’)?s
uberrito
una mas
uncle julio('|’)?s
uncle maddios
uno chicago
urbane cafe
van houtte
villa fresh italian kitchen
waba
wahoo('|’)?s
ward('|’)?s
wawa
weathervane seafood
well informed
wendy('|’)?s
western sizzlin
wg grinders
whataburger
which wich
whiskey creek wood
white castle
white spot
whitt('|’)?s
wienerschnitzel
williams fresh cafe
winchell('|’)?s
wing zone
winger('|’)?s
wings to go
wingstop
woody('|’)?s
wow bao
yard house
yc('|’)?s
yo! sushi
yo sushi
yogli mogli
yogurt mountain
yogurtland
yoshinoya
yum-yum donuts
zaxby('|’)?s
zero('|’)?s
zio('|’)?s
zoes kitchen
zoup!
zoup
zpizza
