49ers
Bears
Cincinnati Bengals
Buffalo Bills
Denver Broncos
Cleveland Browns
Tampa Bay Buccaneers
Arizona Cardinals
San Diego Chargers
Kansas City Chiefs
Indianapolis Colts
Dallas Cowboys
Miami Dolphins
Philadelphia Eagles
Atlanta Falcons
New York Giants
Jacksonville Jaguars
New York Jets
Detroit Lions
Green Bay Packers
Carolina Panthers
New England Patriots
Oakland Raiders
Los Angeles Rams
Baltimore Ravens
Washington Redskins
New Orleans Saints
Seattle Seahawks
Pittsburgh Steelers
Tennessee Titans
Minnesota Vikings
Atlanta Hawks
Boston Celtics
Charlotte Hornets
Chicago Bulls
Cleveland Cavaliers
Dallas Mavericks
Denver Nuggets
Detroit Pistons
Golden State Warriors
Houston Rockets
Indiana Pacers
Los Angeles Clippers
Los Angeles Lakers
Miami Heat
Milwaukee Bucks
Minnesota Timberwolves
New Jersey Nets
New York Knicks
Orlando Magic
Philadelphia 76ers
Phoenix Suns
Portland Trail Blazers
Sacramento Kings
San Antonio Spurs
Seattle Supersonics
Toronto Raptors
Utah Jazz
Vancouver Grizzlies
Washington Wizards
Washington Bullets
Major League Baseball
Anaheim Angels
Arizona Diamondbacks
Atlanta Braves
Baltimore Orioles
Boston Red Sox
Chicago Cubs
Chicago White Sox
Cincinnati Reds
Cleveland Indians
Colorado Rockies
Detroit Tigers
Florida Marlins
Houston Astros
Kansas City Royals
Los Angeles Dodgers
Milwaukee Brewers
Minnesota Twins
Montreal Expos
New York Mets
New York Yankees
Oakland Athletics
Philadelphia Phillies
Pittsburgh Pirates
San Diego Padres
San Francisco Giants
Seattle Mariners
St Louis Cardinals
Tampa Bay Devil Rays
Texas Rangers
Toronto Blue Jays
Anaheim Mighty Ducks
Boston Bruins
Buffalo Sabres
Calgary Flames
Carolina Hurricanes
Chicago Blackhawks
Colorado Avalanche
Dallas Stars
Detroit Red Wings
Edmonton Oilers
Florida Panthers
Hartford Whalers
Los Angeles Kings
Montreal Canadiens
Nashville Predators
New Jersey Devils
New York Islanders
New York Rangers
Ottawa Senators
Philadelphia Flyers
Phoenix Coyotes
Pittsburgh Penguins
Quebec Nordiques
San Jose Sharks
St Louis Blues
Tampa Bay Lightning
Toronto Maple Leafs
Vancouver Canucks
Washington Capitals
Winnipeg Jets