2 broke girls
20/20
48 hours
60 minutes
america's funniest home videos
america's top model
american crime
american grit
american idol
angel from hell
arrow
bachelor live
best time ever with neil patrick harris
beyond the tank
black-ish
blacklist
blindspot
blood & oil
blue bloods
bob's burgers
bones
bordertown
brooklyn nine-nine
carmichael show
castle
caught on camera
chicago fire
chicago med
chicago pd
code black
containment
cooper barrett's guide
coupled
crazy ex-girlfriend
crimetime saturday
criminal minds
crowded
csi cyber
dancing with the stars
dateline
dc's legends of tomorrow
dr ken
elementary
empire
family guy
flash
football night in america
fox college football
fresh off boat
fresh off the boat
galavant
game of silence
gotham
grandfathered
great holiday baking show
grey'?s anatomy
grimm
hawaii five-0
heartbeat
hell'?s kitchen
heroes reborn
hollywood game night
hotel hell
houdini & doyle
how to get away with murder
izombie
jane the virgin
last man on earth
last man standing
law and order
life in pieces
limitless
little big shots
lucifer
madam secretary
marvel'?s agent carter
marvel'?s agents of shield
masterchef junior
masters of illusion
mike & molly
minority report
modern family
mom
my diet better than yours
nashville
nba countdown
nba saturday primetime
ncis
new girl
of kings and prophets
once upon a time
pbc boxing prime
penn & teller
person of interest
premier boxing champions
quantico
reign
rosewood
rush hour
saturday night football
saturday night live
scandal
scorpion
scream queens
second chance
shades of blue
shark tank
significant mother
sleepy hollow
snl prime
strong
sunday night football
supergirl
supernatural
superstore
survivor
telenovela
the 100
the amazing race
the bachelor
the bachelorette
the big bang theory
the biggest loser
the blacklist
the catch
the family
the flash
the goldbergs
the good wife
the grinder
the last man on earth
the middle
the muppets
the mysteries of laura
the odd couple
the originals
the ot
the player
the real o'neals
the simpsons
the vampire diaries
the voice
the x-files
thursday night football
truth be told
ufc fight night
undateable
undercover boss
wayward pines
what would you do?
whose line is it anyway
wicked city
wicked offer
world's funniest
you,? me & the apocalypse
