Arts & Entertainment (36 subcategories):
    Amphitheater
    Aquarium
    Arcade
    Art Gallery
    Bowling Alley
    Casino
    Circus
    Comedy Club
    Concert Hall
    Country Dance Club
    Disc Golf
    Exhibit
    General Entertainment
    Go Kart Track
    Historic Site
    Karaoke Box
    Laser Tag
    Memorial Site
    Mini Golf
    Movie Theater (3 subcategories):
        Drive-in Theater
        Indie Movie Theater
        Multiplex
    Museum (5 subcategories):
        Art Museum
        Erotic Museum
        History Museum
        Planetarium
        Science Museum
    Music Venue (3 subcategories):
        Jazz Club
        Piano Bar
        Rock Club
    Pachinko Parlor
    Performing Arts Venue (4 subcategories):
        Dance Studio
        Indie Theater
        Opera House
        Theater
    Pool Hall
    Public Art (2 subcategories):
        Outdoor Sculpture
        Street Art
    Racecourse
    Racetrack
    Roller Rink
    Salsa Club
    Samba School
    Stadium (9 subcategories):
        Baseball Stadium
        Basketball Stadium
        Cricket Ground
        Football Stadium
        Hockey Arena
        Rugby Stadium
        Soccer Stadium
        Tennis Stadium
        Track Stadium
    Theme Park (1 subcategories):
        Theme Park Ride / Attraction
    Tour Provider
    Water Park
    Zoo

College & University (23 subcategories):
    College Academic Building (7 subcategories):
        College Arts Building
        College Communications Building
        College Engineering Building
        College History Building
        College Math Building
        College Science Building
        College Technology Building
    College Administrative Building
    College Auditorium
    College Bookstore
    College Cafeteria
    College Classroom
    College Gym
    College Lab
    College Library
    College Quad
    College Rec Center
    College Residence Hall
    College Stadium (8 subcategories):
        College Baseball Diamond
        College Basketball Court
        College Cricket Pitch
        College Football Field
        College Hockey Rink
        College Soccer Field
        College Tennis Court
        College Track
    College Theater
    Community College
    Fraternity House
    General College & University
    Law School
    Medical School
    Sorority House
    Student Center
    Trade School
    University

Event (9 subcategories):
    Christmas Market
    Conference
    Convention
    Festival
    Music Festival
    Other Event
    Parade
    Stoop Sale
    Street Fair

Food (91 subcategories):
    Afghan Restaurant
    African Restaurant (1 subcategories):
        Ethiopian Restaurant
    American Restaurant (1 subcategories):
        New American Restaurant
    Asian Restaurant (16 subcategories):
        Burmese Restaurant
        Cambodian Restaurant
        Chinese Restaurant (32 subcategories):
            Anhui Restaurant
            Beijing Restaurant
            Cantonese Restaurant
            Chinese Aristocrat Restaurant
            Chinese Breakfast Place
            Dim Sum Restaurant
            Dongbei Restaurant
            Fujian Restaurant
            Guizhou Restaurant
            Hainan Restaurant
            Hakka Restaurant
            Henan Restaurant
            Hong Kong Restaurant
            Huaiyang Restaurant
            Hubei Restaurant
            Hunan Restaurant
            Imperial Restaurant
            Jiangsu Restaurant
            Jiangxi Restaurant
            Macanese Restaurant
            Manchu Restaurant
            Peking Duck Restaurant
            Shaanxi Restaurant
            Shandong Restaurant
            Shanghai Restaurant
            Shanxi Restaurant
            Szechuan Restaurant
            Taiwanese Restaurant
            Tianjin Restaurant
            Xinjiang Restaurant
            Yunnan Restaurant
            Zhejiang Restaurant
        Filipino Restaurant
        Himalayan Restaurant
        Hotpot Restaurant
        Indonesian Restaurant (8 subcategories):
            Acehnese Restaurant
            Balinese Restaurant
            Betawinese Restaurant
            Indonesian Meatball Place
            Javanese Restaurant
            Manadonese Restaurant
            Padangnese Restaurant
            Sundanese Restaurant
        Japanese Restaurant (20 subcategories):
            Donburi Restaurant
            Japanese Curry Restaurant
            Kaiseki Restaurant
            Kushikatsu Restaurant
            Monjayaki Restaurant
            Nabe Restaurant
            Okonomiyaki Restaurant
            Ramen Restaurant
            Shabu-Shabu Restaurant
            Soba Restaurant
            Sukiyaki Restaurant
            Sushi Restaurant
            Takoyaki Place
            Tempura Restaurant
            Tonkatsu Restaurant
            Udon Restaurant
            Unagi Restaurant
            Wagashi Place
            Yakitori Restaurant
            Yoshoku Restaurant
        Korean Restaurant (5 subcategories):
            Bossam/Jokbal Restaurant
            Bunsik Restaurant
            Gukbap Restaurant
            Janguh Restaurant
            Samgyetang Restaurant
        Malay Restaurant
        Mongolian Restaurant
        Noodle House
        Satay Restaurant
        Thai Restaurant (1 subcategories):
            Som Tum Restaurant
        Tibetan Restaurant
        Vietnamese Restaurant
    Australian Restaurant
    Austrian Restaurant
    BBQ Joint
    Bagel Shop
    Bakery
    Belgian Restaurant
    Bistro
    Breakfast Spot
    Bubble Tea Shop
    Buffet
    Burger Joint
    Cafeteria
    Café
    Cajun / Creole Restaurant
    Caribbean Restaurant (1 subcategories):
        Cuban Restaurant
    Caucasian Restaurant
    Coffee Shop
    Comfort Food Restaurant
    Creperie
    Czech Restaurant
    Deli / Bodega
    Dessert Shop (5 subcategories):
        Cupcake Shop
        Frozen Yogurt Shop
        Ice Cream Shop
        Pastry Shop
        Pie Shop
    Diner
    Donut Shop
    Dumpling Restaurant
    Dutch Restaurant
    Eastern European Restaurant (4 subcategories):
        Belarusian Restaurant
        Bulgarian Restaurant
        Romanian Restaurant
        Tatar Restaurant
    English Restaurant
    Falafel Restaurant
    Fast Food Restaurant
    Fish & Chips Shop
    Fondue Restaurant
    Food Court
    Food Stand
    Food Truck
    French Restaurant (16 subcategories):
        Alsatian Restaurant
        Auvergne Restaurant
        Basque Restaurant
        Brasserie
        Breton Restaurant
        Burgundian Restaurant
        Catalan Restaurant
        Ch'ti Restaurant
        Corsican Restaurant
        Estaminet
        Labour Canteen
        Lyonese Bouchon
        Norman Restaurant
        Provençal Restaurant
        Savoyard Restaurant
        Southwestern French Restaurant
    Fried Chicken Joint
    Friterie
    Gastropub
    German Restaurant (11 subcategories):
        Apple Wine Pub
        Bavarian Restaurant
        Bratwurst Joint
        Currywurst Joint
        Franconian Restaurant
        German Pop-Up Restaurant
        Palatine Restaurant
        Rhenisch Restaurant
        Schnitzel Restaurant
        Silesian Restaurant
        Swabian Restaurant
    Gluten-free Restaurant
    Greek Restaurant (13 subcategories):
        Bougatsa Shop
        Cretan Restaurant
        Fish Taverna
        Grilled Meat Restaurant
        Kafenio
        Magirio
        Meze Restaurant
        Modern Greek Restaurant
        Ouzeri
        Patsa Restaurant
        Souvlaki Shop
        Taverna
        Tsipouro Restaurant
    Halal Restaurant
    Hawaiian Restaurant
    Hot Dog Joint
    Hungarian Restaurant
    Indian Restaurant (26 subcategories):
        Andhra Restaurant
        Awadhi Restaurant
        Bengali Restaurant
        Chaat Place
        Chettinad Restaurant
        Dhaba
        Dosa Place
        Goan Restaurant
        Gujarati Restaurant
        Hyderabadi Restaurant
        Indian Chinese Restaurant
        Indian Sweet Shop
        Irani Cafe
        Jain Restaurant
        Karnataka Restaurant
        Kerala Restaurant
        Maharashtrian Restaurant
        Mughlai Restaurant
        Multicuisine Indian Restaurant
        North Indian Restaurant
        Northeast Indian Restaurant
        Parsi Restaurant
        Punjabi Restaurant
        Rajasthani Restaurant
        South Indian Restaurant
        Udupi Restaurant
    Irish Pub
    Italian Restaurant (26 subcategories):
        Abruzzo Restaurant
        Agriturismo
        Aosta Restaurant
        Basilicata Restaurant
        Calabria Restaurant
        Campanian Restaurant
        Emilia Restaurant
        Friuli Restaurant
        Ligurian Restaurant
        Lombard Restaurant
        Malga
        Marche Restaurant
        Molise Restaurant
        Piadineria
        Piedmontese Restaurant
        Puglia Restaurant
        Romagna Restaurant
        Roman Restaurant
        Sardinian Restaurant
        Sicilian Restaurant
        South Tyrolean Restaurant
        Trattoria/Osteria
        Trentino Restaurant
        Tuscan Restaurant
        Umbrian Restaurant
        Veneto Restaurant
    Jewish Restaurant (1 subcategories):
        Kosher Restaurant
    Juice Bar
    Kebab Restaurant
    Latin American Restaurant (4 subcategories):
        Arepa Restaurant
        Empanada Restaurant
        Salvadoran Restaurant
        South American Restaurant (4 subcategories):
            Argentinian Restaurant
            Brazilian Restaurant (13 subcategories):
                Acai House
                Baiano Restaurant
                Central Brazilian Restaurant
                Churrascaria
                Empada House
                Goiano Restaurant
                Mineiro Restaurant
                Northeastern Brazilian Restaurant
                Northern Brazilian Restaurant
                Pastelaria
                Southeastern Brazilian Restaurant
                Southern Brazilian Restaurant
                Tapiocaria
            Peruvian Restaurant
            Venezuelan Restaurant
    Mac & Cheese Joint
    Mediterranean Restaurant (1 subcategories):
        Moroccan Restaurant
    Mexican Restaurant (4 subcategories):
        Burrito Place
        Taco Place
        Tex-Mex Restaurant
        Yucatecan Restaurant
    Middle Eastern Restaurant (3 subcategories):
        Israeli Restaurant
        Kurdish Restaurant
        Persian Restaurant (1 subcategories):
            Tabbakhi
    Modern European Restaurant
    Molecular Gastronomy Restaurant
    Pakistani Restaurant
    Pet Café
    Pizza Place
    Polish Restaurant
    Portuguese Restaurant
    Poutine Place
    Restaurant
    Russian Restaurant (2 subcategories):
        Blini House
        Pelmeni House
    Salad Place
    Sandwich Place
    Scandinavian Restaurant
    Scottish Restaurant
    Seafood Restaurant
    Slovak Restaurant
    Snack Place
    Soup Place
    Southern / Soul Food Restaurant
    Spanish Restaurant (2 subcategories):
        Paella Restaurant
        Tapas Restaurant
    Sri Lankan Restaurant
    Steakhouse
    Swiss Restaurant
    Tea Room
    Theme Restaurant
    Truck Stop
    Turkish Restaurant (14 subcategories):
        Borek Place
        Cigkofte Place
        Doner Restaurant
        Gozleme Place
        Kofte Place
        Kokoreç Restaurant
        Kumpir Restaurant
        Kumru Restaurant
        Manti Place
        Meyhane
        Pide Place
        Tantuni Restaurant
        Turkish Coffeehouse
        Turkish Home Cooking Restaurant
    Ukrainian Restaurant (2 subcategories):
        Varenyky restaurant
        West-Ukrainian Restaurant
    Vegetarian / Vegan Restaurant
    Wings Joint

Nightlife Spot (8 subcategories):
    Bar (16 subcategories):
        Beach Bar
        Beer Bar
        Beer Garden
        Champagne Bar
        Cocktail Bar
        Dive Bar
        Gay Bar
        Hookah Bar
        Hotel Bar
        Karaoke Bar
        Pub
        Sake Bar
        Sports Bar
        Tiki Bar
        Whisky Bar
        Wine Bar
    Brewery
    Lounge
    Night Market
    Nightclub
    Other Nightlife
    Speakeasy
    Strip Club

Outdoors & Recreation (57 subcategories):
    Athletics & Sports (18 subcategories):
        Badminton Court
        Baseball Field
        Basketball Court
        Bowling Green
        Curling Ice
        Golf Course
        Gym / Fitness Center (10 subcategories):
            Boxing Gym
            Climbing Gym
            Cycle Studio
            Gym Pool
            Gymnastics Gym
            Gym
            Martial Arts Dojo
            Pilates Studio
            Track
            Yoga Studio
        Hockey Field
        Hockey Rink
        Paintball Field
        Rugby Pitch
        Skate Park
        Skating Rink
        Soccer Field
        Sports Club
        Squash Court
        Tennis Court
        Volleyball Court
    Bathing Area
    Bay
    Beach (2 subcategories):
        Nudist Beach
        Surf Spot
    Bike Trail
    Botanical Garden
    Bridge
    Campground
    Canal Lock
    Canal
    Castle
    Cave
    Cemetery
    Dive Spot
    Dog Run
    Farm
    Field
    Fishing Spot
    Forest
    Fountain
    Garden
    Gun Range
    Harbor / Marina
    Hot Spring
    Indoor Play Area
    Island
    Lake
    Lighthouse
    Mountain Hut
    Mountain
    National Park
    Nature Preserve
    Other Great Outdoors
    Palace
    Park
    Pedestrian Plaza
    Playground
    Plaza
    Pool
    Rafting
    Recreation Center
    Reservoir
    River
    Rock Climbing Spot
    Scenic Lookout
    Sculpture Garden
    Ski Area (5 subcategories):
        Apres Ski Bar
        Ski Chairlift
        Ski Chalet
        Ski Lodge
        Ski Trail
    Stables
    States & Municipalities (7 subcategories):
        City
        County
        Country
        Neighborhood
        State
        Town
        Village
    Summer Camp
    Trail
    Tree
    Vineyard
    Volcano
    Waterfall
    Waterfront
    Well

Professional & Other Places (37 subcategories):
    Animal Shelter
    Auditorium
    Ballroom
    Building
    Business Center
    Club House
    Community Center
    Convention Center (1 subcategories):
        Meeting Room
    Cultural Center
    Distillery
    Distribution Center
    Event Space (1 subcategories):
        Outdoor Event Space
    Factory
    Fair
    Funeral Home
    Government Building (8 subcategories):
        Capitol Building
        City Hall
        Courthouse
        Embassy / Consulate
        Fire Station
        Monument / Landmark
        Police Station
        Town Hall
    Industrial Estate
    Laboratory
    Library
    Medical Center (15 subcategories):
        Acupuncturist
        Alternative Healer
        Chiropractor
        Dentist's Office
        Doctor's Office
        Emergency Room
        Eye Doctor
        Hospital
        Maternity Clinic
        Medical Lab
        Mental Health Office
        Physical Therapist
        Rehab Center
        Urgent Care Center
        Veterinarian
    Military Base
    Non-Profit
    Observatory
    Office (8 subcategories):
        Advertising Agency
        Campaign Office
        Conference Room
        Corporate Amenity
        Corporate Cafeteria
        Corporate Coffee Shop
        Coworking Space
        Tech Startup
    Parking
    Post Office
    Prison
    Radio Station
    Recruiting Agency
    School (14 subcategories):
        Adult Education Center
        Circus School
        Driving School
        Elementary School
        Flight School
        High School
        Language School
        Middle School
        Music School
        Nursery School
        Preschool
        Private School
        Religious School
        Swim School
    Social Club
    Spiritual Center (12 subcategories):
        Buddhist Temple
        Church
        Confucian Temple
        Hindu Temple
        Kingdom Hall
        Monastery
        Mosque
        Prayer Room
        Shrine
        Synagogue
        Temple
        Terreiro
    TV Station
    Voting Booth
    Warehouse
    Wedding Hall
    Winery

Residence (5 subcategories):
    Assisted Living
    Home (private)
    Housing Development
    Residential Building (Apartment / Condo)
    Trailer Park

Shop & Service (138 subcategories):
    ATM
    Adult Boutique
    Antique Shop
    Arts & Crafts Store
    Astrologer
    Auto Dealership
    Auto Garage
    Auto Workshop
    Automotive Shop
    Baby Store
    Bank
    Bath House
    Batik Shop
    Betting Shop
    Big Box Store
    Bike Shop
    Board Shop
    Bookstore
    Bridal Shop
    Business Service
    Camera Store
    Candy Store
    Car Wash
    Carpet Store
    Check Cashing Service
    Child Care Service (1 subcategories):
        Daycare
    Chocolate Shop
    Clothing Store (7 subcategories):
        Accessories Store
        Boutique
        Kids Store
        Lingerie Store
        Men's Store
        Shoe Store
        Women's Store
    Comic Shop
    Construction & Landscaping
    Convenience Store
    Cosmetics Shop
    Costume Shop
    Credit Union
    Currency Exchange
    Department Store
    Design Studio
    Discount Store
    Dive Shop
    Drugstore
    Dry Cleaner
    EV Charging Station
    Electronics Store
    Entertainment Service
    Event Service
    Fabric Shop
    Film Studio
    Financial or Legal Service
    Fireworks Store
    Fishing Store
    Flea Market
    Floating Market
    Flower Shop
    Food & Drink Shop (15 subcategories):
        Beer Store
        Butcher
        Cheese Shop
        Farmers Market
        Fish Market
        Food Service
        Gourmet Shop
        Grocery Store
        Health Food Store
        Liquor Store
        Organic Grocery
        Sausage Shop
        Street Food Gathering
        Supermarket
        Wine Shop
    Frame Store
    Fruit & Vegetable Store
    Furniture / Home Store (1 subcategories):
        Lighting Store
    Gaming Cafe
    Garden Center
    Gas Station
    Gift Shop
    Gun Shop
    Hardware Store
    Health & Beauty Service
    Herbs & Spices Store
    Hobby Shop
    Home Service
    Hunting Supply
    IT Services
    Internet Cafe
    Jewelry Store
    Knitting Store
    Laundromat
    Laundry Service
    Lawyer
    Leather Goods Store
    Locksmith
    Lottery Retailer
    Luggage Store
    Marijuana Dispensary
    Market
    Massage Studio
    Mattress Store
    Miscellaneous Shop
    Mobile Phone Shop
    Mobility Store
    Motorcycle Shop
    Music Store
    Nail Salon
    Newsstand
    Optical Shop
    Other Repair Shop
    Outdoor Supply Store
    Outlet Mall
    Outlet Store
    Paper / Office Supplies Store
    Pawn Shop
    Perfume Shop
    Pet Service
    Pet Store
    Pharmacy
    Photography Lab
    Photography Studio
    Piercing Parlor
    Pop-Up Shop
    Print Shop
    Public Bathroom
    Real Estate Office
    Record Shop
    Recording Studio
    Recycling Facility
    Rental Service
    Salon / Barbershop
    Shipping Store
    Shoe Repair
    Shopping Mall
    Shopping Plaza
    Ski Shop
    Smoke Shop
    Smoothie Shop
    Souvenir Shop
    Spa
    Sporting Goods Shop
    Stationery Store
    Storage Facility
    Supplement Shop
    Tailor Shop
    Tanning Salon
    Tattoo Parlor
    Thrift / Vintage Store
    Toy / Game Store
    Travel Agency
    Used Bookstore
    Vape Store
    Video Game Store
    Video Store
    Warehouse Store
    Watch Shop

Travel & Transport (33 subcategories):
    Airport (8 subcategories):
        Airport Food Court
        Airport Gate
        Airport Lounge
        Airport Service
        Airport Terminal
        Airport Tram
        Baggage Claim
        Plane
    Baggage Locker
    Bike Rental / Bike Share
    Boat Rental
    Boat or Ferry
    Border Crossing
    Bus Station (1 subcategories):
        Bus Line
    Bus Stop
    Cable Car
    Cruise
    General Travel
    Heliport
    Hotel (8 subcategories):
        Bed & Breakfast
        Boarding House
        Hostel
        Hotel Pool
        Motel
        Resort
        Roof Deck
        Vacation Rental
    Intersection
    Light Rail Station
    Metro Station
    Moving Target
    Pier
    Port
    RV Park
    Rental Car Location
    Rest Area
    Road
    Taxi Stand
    Taxi
    Toll Booth
    Toll Plaza
    Tourist Information Center
    Train Station (2 subcategories):
        Platform
        Train
    Tram Station
    Transportation Service
    Travel Lounge
    Tunnel
